Log file created at: 2019/04/16 16:49:41
Running on machine: in_dev_docker
Log line format: [IWEF]mmdd hh:mm:ss.uuuuuu threadid file:line] msg
I0416 16:49:41.209858   688 cnn_segmentation.cc:48]  --    param_file: /apollo/modules/perception/production/./data/perception/lidar/models/cnnseg/velodyne128/cnnseg_param.conf
I0416 16:49:41.209884   688 cnn_segmentation.cc:49]  --    proto_file: /apollo/modules/perception/production/./data/perception/lidar/models/cnnseg/velodyne128/deploy.prototxt
I0416 16:49:41.209892   688 cnn_segmentation.cc:50]  --    weight_file: /apollo/modules/perception/production/./data/perception/lidar/models/cnnseg/velodyne128/deploy.caffemodel
I0416 16:49:41.209899   688 cnn_segmentation.cc:51]  --    engine_file: /apollo/modules/perception/production/./data/perception/lidar/models/cnnseg/velodyne128/engine.conf
I0416 16:50:13.878324   754 cnn_segmentation.cc:185]  before roi filter
I0416 16:50:13.878334   754 cnn_segmentation.cc:193]  Fail to call roi filter, use origin cloud.
I0416 16:50:13.879700   754 cnn_segmentation.cc:206]  after roi filter
I0416 16:50:13.881737   754 cnn_segmentation.cc:216]  Roi-filter time: 1.38277	Ground-detector time: 2.04831
I0416 16:50:13.907763   709 cnn_segmentation.cc:325]  Use origin cloud and copy height
I0416 16:50:13.908537   709 cnn_segmentation.cc:303]  CNNSEG: mapping: 0.172628	 feature: 0.719085	 infer: 19.456	 fg-seg: 9.11347	 join: 0.000844	 collect: 0.770593
I0416 16:50:13.979763   754 cnn_segmentation.cc:185]  before roi filter
I0416 16:50:13.979775   754 cnn_segmentation.cc:193]  Fail to call roi filter, use origin cloud.
I0416 16:50:13.980366   754 cnn_segmentation.cc:206]  after roi filter
I0416 16:50:13.981492   754 cnn_segmentation.cc:216]  Roi-filter time: 0.605887	Ground-detector time: 1.12539
I0416 16:50:14.006258   705 cnn_segmentation.cc:325]  Use origin cloud and copy height
I0416 16:50:14.006857   705 cnn_segmentation.cc:303]  CNNSEG: mapping: 0.125924	 feature: 0.508014	 infer: 15.8419	 fg-seg: 10.0266	 join: 0.000284	 collect: 0.595965
I0416 16:50:14.068234   754 cnn_segmentation.cc:185]  before roi filter
I0416 16:50:14.068244   754 cnn_segmentation.cc:193]  Fail to call roi filter, use origin cloud.
I0416 16:50:14.068547   754 cnn_segmentation.cc:206]  after roi filter
I0416 16:50:14.069880   754 cnn_segmentation.cc:216]  Roi-filter time: 0.314086	Ground-detector time: 1.33397
I0416 16:50:14.090409   709 cnn_segmentation.cc:325]  Use origin cloud and copy height
I0416 16:50:14.090936   709 cnn_segmentation.cc:303]  CNNSEG: mapping: 0.177993	 feature: 0.263625	 infer: 13.3001	 fg-seg: 8.44077	 join: 0.0003	 collect: 0.525168
I0416 16:50:14.166914   754 cnn_segmentation.cc:185]  before roi filter
I0416 16:50:14.166925   754 cnn_segmentation.cc:193]  Fail to call roi filter, use origin cloud.
I0416 16:50:14.167219   754 cnn_segmentation.cc:206]  after roi filter
I0416 16:50:14.168299   754 cnn_segmentation.cc:216]  Roi-filter time: 0.307765	Ground-detector time: 1.07991
I0416 16:50:14.189396   708 cnn_segmentation.cc:325]  Use origin cloud and copy height
I0416 16:50:14.189720   708 cnn_segmentation.cc:303]  CNNSEG: mapping: 0.11396	 feature: 0.175522	 infer: 13.3241	 fg-seg: 8.90372	 join: 0.000332	 collect: 0.322196
I0416 16:50:14.268321   754 cnn_segmentation.cc:185]  before roi filter
I0416 16:50:14.268332   754 cnn_segmentation.cc:193]  Fail to call roi filter, use origin cloud.
I0416 16:50:14.268646   754 cnn_segmentation.cc:206]  after roi filter
I0416 16:50:14.269927   754 cnn_segmentation.cc:216]  Roi-filter time: 0.325905	Ground-detector time: 1.28106
I0416 16:50:14.289803   704 cnn_segmentation.cc:325]  Use origin cloud and copy height
I0416 16:50:14.290076   704 cnn_segmentation.cc:303]  CNNSEG: mapping: 0.165853	 feature: 0.211963	 infer: 13.0618	 fg-seg: 8.04799	 join: 0.000159	 collect: 0.270974
I0416 16:50:14.366827   754 cnn_segmentation.cc:185]  before roi filter
I0416 16:50:14.366838   754 cnn_segmentation.cc:193]  Fail to call roi filter, use origin cloud.
I0416 16:50:14.367146   754 cnn_segmentation.cc:206]  after roi filter
I0416 16:50:14.368227   754 cnn_segmentation.cc:216]  Roi-filter time: 0.321091	Ground-detector time: 1.0817
I0416 16:50:14.386426   699 cnn_segmentation.cc:325]  Use origin cloud and copy height
I0416 16:50:14.386929   699 cnn_segmentation.cc:303]  CNNSEG: mapping: 0.104044	 feature: 0.194894	 infer: 11.6659	 fg-seg: 7.66676	 join: 0.000419	 collect: 0.498128
I0416 16:50:14.466966   754 cnn_segmentation.cc:185]  before roi filter
I0416 16:50:14.466976   754 cnn_segmentation.cc:193]  Fail to call roi filter, use origin cloud.
I0416 16:50:14.467270   754 cnn_segmentation.cc:206]  after roi filter
I0416 16:50:14.468603   754 cnn_segmentation.cc:216]  Roi-filter time: 0.30437	Ground-detector time: 1.33372
I0416 16:50:14.488291   707 cnn_segmentation.cc:325]  Use origin cloud and copy height
I0416 16:50:14.488916   707 cnn_segmentation.cc:303]  CNNSEG: mapping: 0.17591	 feature: 0.237059	 infer: 11.6637	 fg-seg: 9.25189	 join: 0.000472	 collect: 0.621928
I0416 16:50:14.568143   754 cnn_segmentation.cc:185]  before roi filter
I0416 16:50:14.568156   754 cnn_segmentation.cc:193]  Fail to call roi filter, use origin cloud.
I0416 16:50:14.568652   754 cnn_segmentation.cc:206]  after roi filter
I0416 16:50:14.570026   754 cnn_segmentation.cc:216]  Roi-filter time: 0.511761	Ground-detector time: 1.37511
I0416 16:50:14.589620   700 cnn_segmentation.cc:325]  Use origin cloud and copy height
I0416 16:50:14.590123   700 cnn_segmentation.cc:303]  CNNSEG: mapping: 0.141221	 feature: 1.18781	 infer: 11.4806	 fg-seg: 8.70532	 join: 0.000807	 collect: 0.500052
I0416 16:50:14.667115   754 cnn_segmentation.cc:185]  before roi filter
I0416 16:50:14.667125   754 cnn_segmentation.cc:193]  Fail to call roi filter, use origin cloud.
I0416 16:50:14.667382   754 cnn_segmentation.cc:206]  after roi filter
I0416 16:50:14.668447   754 cnn_segmentation.cc:216]  Roi-filter time: 0.269029	Ground-detector time: 1.06535
I0416 16:50:14.685933   701 cnn_segmentation.cc:325]  Use origin cloud and copy height
I0416 16:50:14.686203   701 cnn_segmentation.cc:303]  CNNSEG: mapping: 0.117966	 feature: 0.239981	 infer: 10.8165	 fg-seg: 7.65063	 join: 0.000249	 collect: 0.266602
I0416 16:50:14.766638   754 cnn_segmentation.cc:185]  before roi filter
I0416 16:50:14.766647   754 cnn_segmentation.cc:193]  Fail to call roi filter, use origin cloud.
I0416 16:50:14.766911   754 cnn_segmentation.cc:206]  after roi filter
I0416 16:50:14.768208   754 cnn_segmentation.cc:216]  Roi-filter time: 0.273113	Ground-detector time: 1.29871
I0416 16:50:14.786226   705 cnn_segmentation.cc:325]  Use origin cloud and copy height
I0416 16:50:14.786695   705 cnn_segmentation.cc:303]  CNNSEG: mapping: 0.179553	 feature: 0.220982	 infer: 10.8451	 fg-seg: 8.34824	 join: 0.000233	 collect: 0.467831
I0416 16:50:14.866082   754 cnn_segmentation.cc:185]  before roi filter
I0416 16:50:14.866092   754 cnn_segmentation.cc:193]  Fail to call roi filter, use origin cloud.
I0416 16:50:14.866425   754 cnn_segmentation.cc:206]  after roi filter
I0416 16:50:14.867468   754 cnn_segmentation.cc:216]  Roi-filter time: 0.344267	Ground-detector time: 1.04505
I0416 16:50:14.884966   691 cnn_segmentation.cc:325]  Use origin cloud and copy height
I0416 16:50:14.885210   691 cnn_segmentation.cc:303]  CNNSEG: mapping: 0.105133	 feature: 0.280505	 infer: 10.8738	 fg-seg: 7.66162	 join: 0.000201	 collect: 0.242751
I0416 16:50:14.966672   754 cnn_segmentation.cc:185]  before roi filter
I0416 16:50:14.966682   754 cnn_segmentation.cc:193]  Fail to call roi filter, use origin cloud.
I0416 16:50:14.966943   754 cnn_segmentation.cc:206]  after roi filter
I0416 16:50:14.968006   754 cnn_segmentation.cc:216]  Roi-filter time: 0.272833	Ground-detector time: 1.06345
I0416 16:50:14.987115   706 cnn_segmentation.cc:325]  Use origin cloud and copy height
I0416 16:50:14.987536   706 cnn_segmentation.cc:303]  CNNSEG: mapping: 0.117438	 feature: 0.240891	 infer: 10.8462	 fg-seg: 9.27727	 join: 0.000293	 collect: 0.418655
I0416 16:50:15.080292   754 cnn_segmentation.cc:185]  before roi filter
I0416 16:50:15.080312   754 cnn_segmentation.cc:193]  Fail to call roi filter, use origin cloud.
I0416 16:50:15.080705   754 cnn_segmentation.cc:206]  after roi filter
I0416 16:50:15.082468   754 cnn_segmentation.cc:216]  Roi-filter time: 0.416875	Ground-detector time: 1.76333
I0416 16:50:15.103535   699 cnn_segmentation.cc:325]  Use origin cloud and copy height
I0416 16:50:15.104058   699 cnn_segmentation.cc:303]  CNNSEG: mapping: 0.19513	 feature: 0.278217	 infer: 10.9335	 fg-seg: 11.8769	 join: 0.000595	 collect: 0.520841
I0416 16:50:15.166098   754 cnn_segmentation.cc:185]  before roi filter
I0416 16:50:15.166110   754 cnn_segmentation.cc:193]  Fail to call roi filter, use origin cloud.
I0416 16:50:15.166406   754 cnn_segmentation.cc:206]  after roi filter
I0416 16:50:15.167402   754 cnn_segmentation.cc:216]  Roi-filter time: 0.309458	Ground-detector time: 0.996609
I0416 16:50:15.187811   709 cnn_segmentation.cc:325]  Use origin cloud and copy height
I0416 16:50:15.188179   709 cnn_segmentation.cc:303]  CNNSEG: mapping: 0.101769	 feature: 0.215105	 infer: 11.3444	 fg-seg: 10.0592	 join: 0.000266	 collect: 0.367071
I0416 16:50:15.265955   754 cnn_segmentation.cc:185]  before roi filter
I0416 16:50:15.265966   754 cnn_segmentation.cc:193]  Fail to call roi filter, use origin cloud.
I0416 16:50:15.266222   754 cnn_segmentation.cc:206]  after roi filter
I0416 16:50:15.267280   754 cnn_segmentation.cc:216]  Roi-filter time: 0.269026	Ground-detector time: 1.05777
I0416 16:50:15.284679   706 cnn_segmentation.cc:325]  Use origin cloud and copy height
I0416 16:50:15.284909   706 cnn_segmentation.cc:303]  CNNSEG: mapping: 0.100172	 feature: 0.241666	 infer: 10.8346	 fg-seg: 7.58048	 join: 0.000198	 collect: 0.229994
I0416 16:50:15.365998   754 cnn_segmentation.cc:185]  before roi filter
I0416 16:50:15.366004   754 cnn_segmentation.cc:193]  Fail to call roi filter, use origin cloud.
I0416 16:50:15.366257   754 cnn_segmentation.cc:206]  after roi filter
I0416 16:50:15.367283   754 cnn_segmentation.cc:216]  Roi-filter time: 0.262785	Ground-detector time: 1.02572
I0416 16:50:15.384897   707 cnn_segmentation.cc:325]  Use origin cloud and copy height
I0416 16:50:15.385215   707 cnn_segmentation.cc:303]  CNNSEG: mapping: 0.103854	 feature: 0.23781	 infer: 10.8427	 fg-seg: 7.72223	 join: 0.000292	 collect: 0.315322
I0416 16:50:15.466114   754 cnn_segmentation.cc:185]  before roi filter
I0416 16:50:15.466122   754 cnn_segmentation.cc:193]  Fail to call roi filter, use origin cloud.
I0416 16:50:15.466382   754 cnn_segmentation.cc:206]  after roi filter
I0416 16:50:15.467437   754 cnn_segmentation.cc:216]  Roi-filter time: 0.269639	Ground-detector time: 1.05473
I0416 16:50:15.487287   709 cnn_segmentation.cc:325]  Use origin cloud and copy height
I0416 16:50:15.487681   709 cnn_segmentation.cc:303]  CNNSEG: mapping: 0.100259	 feature: 0.20515	 infer: 10.8711	 fg-seg: 10.0013	 join: 0.000233	 collect: 0.392349
I0416 16:50:15.566406   754 cnn_segmentation.cc:185]  before roi filter
I0416 16:50:15.566416   754 cnn_segmentation.cc:193]  Fail to call roi filter, use origin cloud.
I0416 16:50:15.566679   754 cnn_segmentation.cc:206]  after roi filter
I0416 16:50:15.567768   754 cnn_segmentation.cc:216]  Roi-filter time: 0.274178	Ground-detector time: 1.09028
I0416 16:50:15.585202   702 cnn_segmentation.cc:325]  Use origin cloud and copy height
I0416 16:50:15.585541   702 cnn_segmentation.cc:303]  CNNSEG: mapping: 0.103761	 feature: 0.234323	 infer: 10.819	 fg-seg: 7.67251	 join: 0.000322	 collect: 0.336945
I0416 16:50:15.672269   754 cnn_segmentation.cc:185]  before roi filter
I0416 16:50:15.672281   754 cnn_segmentation.cc:193]  Fail to call roi filter, use origin cloud.
I0416 16:50:15.672574   754 cnn_segmentation.cc:206]  after roi filter
I0416 16:50:15.673648   754 cnn_segmentation.cc:216]  Roi-filter time: 0.307464	Ground-detector time: 1.07445
I0416 16:50:15.692323   707 cnn_segmentation.cc:325]  Use origin cloud and copy height
I0416 16:50:15.692709   707 cnn_segmentation.cc:303]  CNNSEG: mapping: 0.108823	 feature: 0.192592	 infer: 10.8472	 fg-seg: 8.94583	 join: 0.000354	 collect: 0.384865
I0416 16:50:15.766228   754 cnn_segmentation.cc:185]  before roi filter
I0416 16:50:15.766237   754 cnn_segmentation.cc:193]  Fail to call roi filter, use origin cloud.
I0416 16:50:15.766486   754 cnn_segmentation.cc:206]  after roi filter
I0416 16:50:15.767534   754 cnn_segmentation.cc:216]  Roi-filter time: 0.260885	Ground-detector time: 1.04771
I0416 16:50:15.788612   709 cnn_segmentation.cc:325]  Use origin cloud and copy height
I0416 16:50:15.789101   709 cnn_segmentation.cc:303]  CNNSEG: mapping: 0.100504	 feature: 0.246778	 infer: 10.8128	 fg-seg: 11.2302	 join: 0.000418	 collect: 0.489329
I0416 16:50:15.866433   754 cnn_segmentation.cc:185]  before roi filter
I0416 16:50:15.866443   754 cnn_segmentation.cc:193]  Fail to call roi filter, use origin cloud.
I0416 16:50:15.866701   754 cnn_segmentation.cc:206]  after roi filter
I0416 16:50:15.867770   754 cnn_segmentation.cc:216]  Roi-filter time: 0.271189	Ground-detector time: 1.06888
I0416 16:50:15.885512   702 cnn_segmentation.cc:325]  Use origin cloud and copy height
I0416 16:50:15.885960   702 cnn_segmentation.cc:303]  CNNSEG: mapping: 0.103756	 feature: 0.23791	 infer: 10.8099	 fg-seg: 7.93365	 join: 0.000254	 collect: 0.447421
I0416 16:50:15.966303   754 cnn_segmentation.cc:185]  before roi filter
I0416 16:50:15.966315   754 cnn_segmentation.cc:193]  Fail to call roi filter, use origin cloud.
I0416 16:50:15.966578   754 cnn_segmentation.cc:206]  after roi filter
I0416 16:50:15.967630   754 cnn_segmentation.cc:216]  Roi-filter time: 0.275521	Ground-detector time: 1.05307
I0416 16:50:15.985224   707 cnn_segmentation.cc:325]  Use origin cloud and copy height
I0416 16:50:15.985668   707 cnn_segmentation.cc:303]  CNNSEG: mapping: 0.099826	 feature: 0.242864	 infer: 10.8174	 fg-seg: 7.79907	 join: 0.000311	 collect: 0.444628
I0416 16:50:16.068922   754 cnn_segmentation.cc:185]  before roi filter
I0416 16:50:16.068931   754 cnn_segmentation.cc:193]  Fail to call roi filter, use origin cloud.
I0416 16:50:16.069206   754 cnn_segmentation.cc:206]  after roi filter
I0416 16:50:16.070228   754 cnn_segmentation.cc:216]  Roi-filter time: 0.286615	Ground-detector time: 1.02354
I0416 16:50:16.087674   699 cnn_segmentation.cc:325]  Use origin cloud and copy height
I0416 16:50:16.088045   699 cnn_segmentation.cc:303]  CNNSEG: mapping: 0.108604	 feature: 0.262545	 infer: 10.8249	 fg-seg: 7.56468	 join: 0.000207	 collect: 0.369042
I0416 16:50:16.166489   754 cnn_segmentation.cc:185]  before roi filter
I0416 16:50:16.166501   754 cnn_segmentation.cc:193]  Fail to call roi filter, use origin cloud.
I0416 16:50:16.166797   754 cnn_segmentation.cc:206]  after roi filter
I0416 16:50:16.167872   754 cnn_segmentation.cc:216]  Roi-filter time: 0.309393	Ground-detector time: 1.07602
I0416 16:50:16.185230   706 cnn_segmentation.cc:325]  Use origin cloud and copy height
I0416 16:50:16.185531   706 cnn_segmentation.cc:303]  CNNSEG: mapping: 0.117717	 feature: 0.262087	 infer: 10.8422	 fg-seg: 7.55528	 join: 0.000214	 collect: 0.300183
I0416 16:50:16.275096   754 cnn_segmentation.cc:185]  before roi filter
I0416 16:50:16.275106   754 cnn_segmentation.cc:193]  Fail to call roi filter, use origin cloud.
I0416 16:50:16.275372   754 cnn_segmentation.cc:206]  after roi filter
I0416 16:50:16.276473   754 cnn_segmentation.cc:216]  Roi-filter time: 0.278392	Ground-detector time: 1.10168
I0416 16:50:16.297152   708 cnn_segmentation.cc:325]  Use origin cloud and copy height
I0416 16:50:16.297480   708 cnn_segmentation.cc:303]  CNNSEG: mapping: 0.10574	 feature: 0.24207	 infer: 10.8099	 fg-seg: 10.9327	 join: 0.000287	 collect: 0.327017
I0416 16:50:16.366132   754 cnn_segmentation.cc:185]  before roi filter
I0416 16:50:16.366143   754 cnn_segmentation.cc:193]  Fail to call roi filter, use origin cloud.
I0416 16:50:16.366400   754 cnn_segmentation.cc:206]  after roi filter
I0416 16:50:16.367458   754 cnn_segmentation.cc:216]  Roi-filter time: 0.270072	Ground-detector time: 1.05857
I0416 16:50:16.384809   704 cnn_segmentation.cc:325]  Use origin cloud and copy height
I0416 16:50:16.385135   704 cnn_segmentation.cc:303]  CNNSEG: mapping: 0.107508	 feature: 0.240817	 infer: 10.852	 fg-seg: 7.51681	 join: 0.000288	 collect: 0.325894
I0416 16:50:16.473927   754 cnn_segmentation.cc:185]  before roi filter
I0416 16:50:16.473937   754 cnn_segmentation.cc:193]  Fail to call roi filter, use origin cloud.
I0416 16:50:16.474218   754 cnn_segmentation.cc:206]  after roi filter
I0416 16:50:16.475298   754 cnn_segmentation.cc:216]  Roi-filter time: 0.293398	Ground-detector time: 1.08074
I0416 16:50:16.495177   706 cnn_segmentation.cc:325]  Use origin cloud and copy height
I0416 16:50:16.495702   706 cnn_segmentation.cc:303]  CNNSEG: mapping: 0.105414	 feature: 0.257963	 infer: 10.8664	 fg-seg: 10.06	 join: 0.000984	 collect: 0.52411
I0416 16:50:16.565516   754 cnn_segmentation.cc:185]  before roi filter
I0416 16:50:16.565526   754 cnn_segmentation.cc:193]  Fail to call roi filter, use origin cloud.
I0416 16:50:16.565811   754 cnn_segmentation.cc:206]  after roi filter
I0416 16:50:16.566862   754 cnn_segmentation.cc:216]  Roi-filter time: 0.296973	Ground-detector time: 1.05204
I0416 16:50:16.584419   691 cnn_segmentation.cc:325]  Use origin cloud and copy height
I0416 16:50:16.584726   691 cnn_segmentation.cc:303]  CNNSEG: mapping: 0.104644	 feature: 0.249698	 infer: 10.8422	 fg-seg: 7.7412	 join: 0.000212	 collect: 0.306661
I0416 16:50:16.675732   754 cnn_segmentation.cc:185]  before roi filter
I0416 16:50:16.675742   754 cnn_segmentation.cc:193]  Fail to call roi filter, use origin cloud.
I0416 16:50:16.675992   754 cnn_segmentation.cc:206]  after roi filter
I0416 16:50:16.677095   754 cnn_segmentation.cc:216]  Roi-filter time: 0.262276	Ground-detector time: 1.10391
I0416 16:50:16.697322   709 cnn_segmentation.cc:325]  Use origin cloud and copy height
I0416 16:50:16.697780   709 cnn_segmentation.cc:303]  CNNSEG: mapping: 0.117626	 feature: 0.233485	 infer: 10.8284	 fg-seg: 10.4486	 join: 0.000381	 collect: 0.456991
I0416 16:50:16.786833   754 cnn_segmentation.cc:185]  before roi filter
I0416 16:50:16.786844   754 cnn_segmentation.cc:193]  Fail to call roi filter, use origin cloud.
I0416 16:50:16.787111   754 cnn_segmentation.cc:206]  after roi filter
I0416 16:50:16.788215   754 cnn_segmentation.cc:216]  Roi-filter time: 0.281065	Ground-detector time: 1.10444
I0416 16:50:16.806957   699 cnn_segmentation.cc:325]  Use origin cloud and copy height
I0416 16:50:16.807478   699 cnn_segmentation.cc:303]  CNNSEG: mapping: 0.119783	 feature: 0.24474	 infer: 10.8091	 fg-seg: 8.98659	 join: 0.000324	 collect: 0.519929
I0416 16:50:16.866377   754 cnn_segmentation.cc:185]  before roi filter
I0416 16:50:16.866387   754 cnn_segmentation.cc:193]  Fail to call roi filter, use origin cloud.
I0416 16:50:16.866650   754 cnn_segmentation.cc:206]  after roi filter
I0416 16:50:16.867729   754 cnn_segmentation.cc:216]  Roi-filter time: 0.2757	Ground-detector time: 1.07906
I0416 16:50:16.885413   703 cnn_segmentation.cc:325]  Use origin cloud and copy height
I0416 16:50:16.885841   703 cnn_segmentation.cc:303]  CNNSEG: mapping: 0.10273	 feature: 0.243782	 infer: 10.8104	 fg-seg: 7.88574	 join: 0.000294	 collect: 0.425314
I0416 16:50:16.977268   754 cnn_segmentation.cc:185]  before roi filter
I0416 16:50:16.977279   754 cnn_segmentation.cc:193]  Fail to call roi filter, use origin cloud.
I0416 16:50:16.977541   754 cnn_segmentation.cc:206]  after roi filter
I0416 16:50:16.978637   754 cnn_segmentation.cc:216]  Roi-filter time: 0.27468	Ground-detector time: 1.09616
I0416 16:50:16.999439   700 cnn_segmentation.cc:325]  Use origin cloud and copy height
I0416 16:50:16.999861   700 cnn_segmentation.cc:303]  CNNSEG: mapping: 0.116442	 feature: 0.241672	 infer: 10.8539	 fg-seg: 10.9923	 join: 0.00039	 collect: 0.419643
I0416 16:50:17.066094   754 cnn_segmentation.cc:185]  before roi filter
I0416 16:50:17.066105   754 cnn_segmentation.cc:193]  Fail to call roi filter, use origin cloud.
I0416 16:50:17.066373   754 cnn_segmentation.cc:206]  after roi filter
I0416 16:50:17.067425   754 cnn_segmentation.cc:216]  Roi-filter time: 0.281327	Ground-detector time: 1.05228
I0416 16:50:17.085611   699 cnn_segmentation.cc:325]  Use origin cloud and copy height
I0416 16:50:17.086053   699 cnn_segmentation.cc:303]  CNNSEG: mapping: 0.103708	 feature: 0.240249	 infer: 10.8106	 fg-seg: 8.39643	 join: 0.00027	 collect: 0.44092
I0416 16:50:17.177153   754 cnn_segmentation.cc:185]  before roi filter
I0416 16:50:17.177165   754 cnn_segmentation.cc:193]  Fail to call roi filter, use origin cloud.
I0416 16:50:17.177433   754 cnn_segmentation.cc:206]  after roi filter
I0416 16:50:17.178462   754 cnn_segmentation.cc:216]  Roi-filter time: 0.281846	Ground-detector time: 1.03029
I0416 16:50:17.199733   704 cnn_segmentation.cc:325]  Use origin cloud and copy height
I0416 16:50:17.200137   704 cnn_segmentation.cc:303]  CNNSEG: mapping: 0.10214	 feature: 0.207974	 infer: 10.842	 fg-seg: 11.4538	 join: 0.000514	 collect: 0.402543
I0416 16:50:17.274402   754 cnn_segmentation.cc:185]  before roi filter
I0416 16:50:17.274412   754 cnn_segmentation.cc:193]  Fail to call roi filter, use origin cloud.
I0416 16:50:17.274663   754 cnn_segmentation.cc:206]  after roi filter
I0416 16:50:17.275696   754 cnn_segmentation.cc:216]  Roi-filter time: 0.26287	Ground-detector time: 1.03367
I0416 16:50:17.294781   708 cnn_segmentation.cc:325]  Use origin cloud and copy height
I0416 16:50:17.295316   708 cnn_segmentation.cc:303]  CNNSEG: mapping: 0.102771	 feature: 0.237211	 infer: 11.0098	 fg-seg: 9.06873	 join: 0.000255	 collect: 0.533709
I0416 16:50:17.366469   754 cnn_segmentation.cc:185]  before roi filter
I0416 16:50:17.366477   754 cnn_segmentation.cc:193]  Fail to call roi filter, use origin cloud.
I0416 16:50:17.366724   754 cnn_segmentation.cc:206]  after roi filter
I0416 16:50:17.368047   754 cnn_segmentation.cc:216]  Roi-filter time: 0.255478	Ground-detector time: 1.32293
I0416 16:50:17.388486   705 cnn_segmentation.cc:325]  Use origin cloud and copy height
I0416 16:50:17.388955   705 cnn_segmentation.cc:303]  CNNSEG: mapping: 0.177676	 feature: 0.252214	 infer: 10.7867	 fg-seg: 10.8063	 join: 0.00035	 collect: 0.467298
I0416 16:50:17.480767   754 cnn_segmentation.cc:185]  before roi filter
I0416 16:50:17.480779   754 cnn_segmentation.cc:193]  Fail to call roi filter, use origin cloud.
I0416 16:50:17.481055   754 cnn_segmentation.cc:206]  after roi filter
I0416 16:50:17.482264   754 cnn_segmentation.cc:216]  Roi-filter time: 0.290498	Ground-detector time: 1.20948
I0416 16:50:17.503512   704 cnn_segmentation.cc:325]  Use origin cloud and copy height
I0416 16:50:17.503971   704 cnn_segmentation.cc:303]  CNNSEG: mapping: 0.116079	 feature: 0.25004	 infer: 10.8055	 fg-seg: 11.6106	 join: 0.000293	 collect: 0.457875
I0416 16:50:17.565904   754 cnn_segmentation.cc:185]  before roi filter
I0416 16:50:17.565913   754 cnn_segmentation.cc:193]  Fail to call roi filter, use origin cloud.
I0416 16:50:17.566171   754 cnn_segmentation.cc:206]  after roi filter
I0416 16:50:17.567217   754 cnn_segmentation.cc:216]  Roi-filter time: 0.269596	Ground-detector time: 1.04637
I0416 16:50:17.587757   699 cnn_segmentation.cc:325]  Use origin cloud and copy height
I0416 16:50:17.588152   699 cnn_segmentation.cc:303]  CNNSEG: mapping: 0.103501	 feature: 0.252833	 infer: 10.8623	 fg-seg: 10.6402	 join: 0.000243	 collect: 0.394973
I0416 16:50:17.714617   754 cnn_segmentation.cc:185]  before roi filter
I0416 16:50:17.714633   754 cnn_segmentation.cc:193]  Fail to call roi filter, use origin cloud.
I0416 16:50:17.715102   754 cnn_segmentation.cc:206]  after roi filter
I0416 16:50:17.717254   754 cnn_segmentation.cc:216]  Roi-filter time: 0.489169	Ground-detector time: 2.1526
I0416 16:50:17.732785   705 cnn_segmentation.cc:325]  Use origin cloud and copy height
I0416 16:50:17.733157   705 cnn_segmentation.cc:303]  CNNSEG: mapping: 0.374404	 feature: 0.28577	 infer: 10.7859	 fg-seg: 9.27231	 join: 0.000227	 collect: 0.370581
I0416 16:50:17.766070   754 cnn_segmentation.cc:185]  before roi filter
I0416 16:50:17.766080   754 cnn_segmentation.cc:193]  Fail to call roi filter, use origin cloud.
I0416 16:50:17.766325   754 cnn_segmentation.cc:206]  after roi filter
I0416 16:50:17.767381   754 cnn_segmentation.cc:216]  Roi-filter time: 0.256564	Ground-detector time: 1.05613
I0416 16:50:17.787369   704 cnn_segmentation.cc:325]  Use origin cloud and copy height
I0416 16:50:17.787801   704 cnn_segmentation.cc:303]  CNNSEG: mapping: 0.10402	 feature: 1.25916	 infer: 11.0866	 fg-seg: 8.88268	 join: 0.000618	 collect: 0.431094
I0416 16:50:17.882333   754 cnn_segmentation.cc:185]  before roi filter
I0416 16:50:17.882344   754 cnn_segmentation.cc:193]  Fail to call roi filter, use origin cloud.
I0416 16:50:17.882670   754 cnn_segmentation.cc:206]  after roi filter
I0416 16:50:17.884053   754 cnn_segmentation.cc:216]  Roi-filter time: 0.341028	Ground-detector time: 1.38367
I0416 16:50:17.902176   699 cnn_segmentation.cc:325]  Use origin cloud and copy height
I0416 16:50:17.902540   699 cnn_segmentation.cc:303]  CNNSEG: mapping: 0.109178	 feature: 0.244237	 infer: 10.8093	 fg-seg: 8.68996	 join: 0.000225	 collect: 0.360373
I0416 16:50:17.972203   754 cnn_segmentation.cc:185]  before roi filter
I0416 16:50:17.972213   754 cnn_segmentation.cc:193]  Fail to call roi filter, use origin cloud.
I0416 16:50:17.972486   754 cnn_segmentation.cc:206]  after roi filter
I0416 16:50:17.973562   754 cnn_segmentation.cc:216]  Roi-filter time: 0.285547	Ground-detector time: 1.07533
I0416 16:50:17.994164   700 cnn_segmentation.cc:325]  Use origin cloud and copy height
I0416 16:50:17.994745   700 cnn_segmentation.cc:303]  CNNSEG: mapping: 0.10322	 feature: 0.212522	 infer: 11.835	 fg-seg: 9.84351	 join: 0.000456	 collect: 0.577921
I0416 16:50:18.074942   754 cnn_segmentation.cc:185]  before roi filter
I0416 16:50:18.074952   754 cnn_segmentation.cc:193]  Fail to call roi filter, use origin cloud.
I0416 16:50:18.075208   754 cnn_segmentation.cc:206]  after roi filter
I0416 16:50:18.076318   754 cnn_segmentation.cc:216]  Roi-filter time: 0.26837	Ground-detector time: 1.10959
I0416 16:50:18.097996   708 cnn_segmentation.cc:325]  Use origin cloud and copy height
I0416 16:50:18.098472   708 cnn_segmentation.cc:303]  CNNSEG: mapping: 0.102121	 feature: 0.243922	 infer: 10.7966	 fg-seg: 11.9501	 join: 0.000607	 collect: 0.475639
I0416 16:50:18.185873   754 cnn_segmentation.cc:185]  before roi filter
I0416 16:50:18.185883   754 cnn_segmentation.cc:193]  Fail to call roi filter, use origin cloud.
I0416 16:50:18.186136   754 cnn_segmentation.cc:206]  after roi filter
I0416 16:50:18.187297   754 cnn_segmentation.cc:216]  Roi-filter time: 0.265854	Ground-detector time: 1.16174
I0416 16:50:18.208022   709 cnn_segmentation.cc:325]  Use origin cloud and copy height
I0416 16:50:18.208437   709 cnn_segmentation.cc:303]  CNNSEG: mapping: 0.116269	 feature: 0.242265	 infer: 10.8443	 fg-seg: 10.9836	 join: 0.000277	 collect: 0.414035
I0416 16:50:18.266047   754 cnn_segmentation.cc:185]  before roi filter
I0416 16:50:18.266057   754 cnn_segmentation.cc:193]  Fail to call roi filter, use origin cloud.
I0416 16:50:18.266319   754 cnn_segmentation.cc:206]  after roi filter
I0416 16:50:18.267381   754 cnn_segmentation.cc:216]  Roi-filter time: 0.273874	Ground-detector time: 1.06317
I0416 16:50:18.286803   703 cnn_segmentation.cc:325]  Use origin cloud and copy height
I0416 16:50:18.287325   703 cnn_segmentation.cc:303]  CNNSEG: mapping: 0.118998	 feature: 0.205173	 infer: 11.4904	 fg-seg: 8.94646	 join: 0.00024	 collect: 0.522084
I0416 16:50:18.376044   754 cnn_segmentation.cc:185]  before roi filter
I0416 16:50:18.376054   754 cnn_segmentation.cc:193]  Fail to call roi filter, use origin cloud.
I0416 16:50:18.376309   754 cnn_segmentation.cc:206]  after roi filter
I0416 16:50:18.377378   754 cnn_segmentation.cc:216]  Roi-filter time: 0.267489	Ground-detector time: 1.07007
I0416 16:50:18.396993   707 cnn_segmentation.cc:325]  Use origin cloud and copy height
I0416 16:50:18.397573   707 cnn_segmentation.cc:303]  CNNSEG: mapping: 0.106633	 feature: 0.234716	 infer: 10.8101	 fg-seg: 9.80433	 join: 0.000399	 collect: 0.577086
I0416 16:50:18.477336   754 cnn_segmentation.cc:185]  before roi filter
I0416 16:50:18.477346   754 cnn_segmentation.cc:193]  Fail to call roi filter, use origin cloud.
I0416 16:50:18.477622   754 cnn_segmentation.cc:206]  after roi filter
I0416 16:50:18.478701   754 cnn_segmentation.cc:216]  Roi-filter time: 0.286933	Ground-detector time: 1.08087
I0416 16:50:18.499752   706 cnn_segmentation.cc:325]  Use origin cloud and copy height
I0416 16:50:18.500210   706 cnn_segmentation.cc:303]  CNNSEG: mapping: 0.10422	 feature: 0.246865	 infer: 11.1276	 fg-seg: 10.9757	 join: 0.000222	 collect: 0.455732
I0416 16:50:18.578403   754 cnn_segmentation.cc:185]  before roi filter
I0416 16:50:18.578413   754 cnn_segmentation.cc:193]  Fail to call roi filter, use origin cloud.
I0416 16:50:18.578668   754 cnn_segmentation.cc:206]  after roi filter
I0416 16:50:18.579762   754 cnn_segmentation.cc:216]  Roi-filter time: 0.267033	Ground-detector time: 1.09472
I0416 16:50:18.598598   699 cnn_segmentation.cc:325]  Use origin cloud and copy height
I0416 16:50:18.598968   699 cnn_segmentation.cc:303]  CNNSEG: mapping: 0.184449	 feature: 0.242467	 infer: 11.0794	 fg-seg: 8.72111	 join: 0.000323	 collect: 0.367568
I0416 16:50:18.669302   754 cnn_segmentation.cc:185]  before roi filter
I0416 16:50:18.669312   754 cnn_segmentation.cc:193]  Fail to call roi filter, use origin cloud.
I0416 16:50:18.669574   754 cnn_segmentation.cc:206]  after roi filter
I0416 16:50:18.670648   754 cnn_segmentation.cc:216]  Roi-filter time: 0.274251	Ground-detector time: 1.0743
I0416 16:50:18.689115   709 cnn_segmentation.cc:325]  Use origin cloud and copy height
I0416 16:50:18.689632   709 cnn_segmentation.cc:303]  CNNSEG: mapping: 0.102651	 feature: 0.243595	 infer: 10.8742	 fg-seg: 8.62653	 join: 0.000921	 collect: 0.516571
I0416 16:50:18.781214   754 cnn_segmentation.cc:185]  before roi filter
I0416 16:50:18.781226   754 cnn_segmentation.cc:193]  Fail to call roi filter, use origin cloud.
I0416 16:50:18.781503   754 cnn_segmentation.cc:206]  after roi filter
I0416 16:50:18.782740   754 cnn_segmentation.cc:216]  Roi-filter time: 0.291844	Ground-detector time: 1.23735
I0416 16:50:18.803243   703 cnn_segmentation.cc:325]  Use origin cloud and copy height
I0416 16:50:18.803634   703 cnn_segmentation.cc:303]  CNNSEG: mapping: 0.125156	 feature: 0.243173	 infer: 10.88	 fg-seg: 10.8166	 join: 0.000305	 collect: 0.390173
I0416 16:50:18.878849   754 cnn_segmentation.cc:185]  before roi filter
I0416 16:50:18.878859   754 cnn_segmentation.cc:193]  Fail to call roi filter, use origin cloud.
I0416 16:50:18.879156   754 cnn_segmentation.cc:206]  after roi filter
I0416 16:50:18.880359   754 cnn_segmentation.cc:216]  Roi-filter time: 0.308678	Ground-detector time: 1.20356
I0416 16:50:18.902163   699 cnn_segmentation.cc:325]  Use origin cloud and copy height
I0416 16:50:18.902740   699 cnn_segmentation.cc:303]  CNNSEG: mapping: 0.187266	 feature: 0.280241	 infer: 10.866	 fg-seg: 12.0136	 join: 0.000407	 collect: 0.572526
I0416 16:50:18.979173   754 cnn_segmentation.cc:185]  before roi filter
I0416 16:50:18.979183   754 cnn_segmentation.cc:193]  Fail to call roi filter, use origin cloud.
I0416 16:50:18.979454   754 cnn_segmentation.cc:206]  after roi filter
I0416 16:50:18.980532   754 cnn_segmentation.cc:216]  Roi-filter time: 0.283343	Ground-detector time: 1.07777
I0416 16:50:19.002657   709 cnn_segmentation.cc:325]  Use origin cloud and copy height
I0416 16:50:19.003065   709 cnn_segmentation.cc:303]  CNNSEG: mapping: 0.102778	 feature: 0.208159	 infer: 11.6309	 fg-seg: 11.5735	 join: 0.000333	 collect: 0.406851
I0416 16:50:19.080350   754 cnn_segmentation.cc:185]  before roi filter
I0416 16:50:19.080361   754 cnn_segmentation.cc:193]  Fail to call roi filter, use origin cloud.
I0416 16:50:19.080663   754 cnn_segmentation.cc:206]  after roi filter
I0416 16:50:19.082020   754 cnn_segmentation.cc:216]  Roi-filter time: 0.315059	Ground-detector time: 1.35701
I0416 16:50:19.102039   703 cnn_segmentation.cc:325]  Use origin cloud and copy height
I0416 16:50:19.102416   703 cnn_segmentation.cc:303]  CNNSEG: mapping: 0.119248	 feature: 0.242689	 infer: 11.0649	 fg-seg: 10.2706	 join: 0.000251	 collect: 0.376647
I0416 16:50:19.193742   754 cnn_segmentation.cc:185]  before roi filter
I0416 16:50:19.193756   754 cnn_segmentation.cc:193]  Fail to call roi filter, use origin cloud.
I0416 16:50:19.194305   754 cnn_segmentation.cc:206]  after roi filter
I0416 16:50:19.196171   754 cnn_segmentation.cc:216]  Roi-filter time: 0.565102	Ground-detector time: 1.86702
I0416 16:50:19.214623   706 cnn_segmentation.cc:325]  Use origin cloud and copy height
I0416 16:50:19.215066   706 cnn_segmentation.cc:303]  CNNSEG: mapping: 0.114915	 feature: 0.30075	 infer: 10.8777	 fg-seg: 9.59796	 join: 0.000275	 collect: 0.441945
I0416 16:50:19.290621   754 cnn_segmentation.cc:185]  before roi filter
I0416 16:50:19.290630   754 cnn_segmentation.cc:193]  Fail to call roi filter, use origin cloud.
I0416 16:50:19.290864   754 cnn_segmentation.cc:206]  after roi filter
I0416 16:50:19.291951   754 cnn_segmentation.cc:216]  Roi-filter time: 0.244894	Ground-detector time: 1.08777
I0416 16:50:19.313504   702 cnn_segmentation.cc:325]  Use origin cloud and copy height
I0416 16:50:19.314033   702 cnn_segmentation.cc:303]  CNNSEG: mapping: 0.181913	 feature: 0.274764	 infer: 10.8243	 fg-seg: 11.6088	 join: 0.00033	 collect: 0.526017
I0416 16:50:19.454300   754 cnn_segmentation.cc:185]  before roi filter
I0416 16:50:19.454324   754 cnn_segmentation.cc:193]  Fail to call roi filter, use origin cloud.
I0416 16:50:19.454804   754 cnn_segmentation.cc:206]  after roi filter
I0416 16:50:19.456755   754 cnn_segmentation.cc:216]  Roi-filter time: 0.509284	Ground-detector time: 1.95254
I0416 16:50:19.475544   691 cnn_segmentation.cc:325]  Use origin cloud and copy height
I0416 16:50:19.475944   691 cnn_segmentation.cc:303]  CNNSEG: mapping: 0.341158	 feature: 0.321365	 infer: 10.8851	 fg-seg: 9.71146	 join: 0.000334	 collect: 0.39851
I0416 16:50:19.634876   754 cnn_segmentation.cc:185]  before roi filter
I0416 16:50:19.634901   754 cnn_segmentation.cc:193]  Fail to call roi filter, use origin cloud.
I0416 16:50:19.635434   754 cnn_segmentation.cc:206]  after roi filter
I0416 16:50:19.637610   754 cnn_segmentation.cc:216]  Roi-filter time: 0.562658	Ground-detector time: 2.17665
I0416 16:50:19.670810   709 cnn_segmentation.cc:325]  Use origin cloud and copy height
I0416 16:50:19.671162   709 cnn_segmentation.cc:303]  CNNSEG: mapping: 0.371713	 feature: 0.312269	 infer: 12.1979	 fg-seg: 23.0937	 join: 0.00022	 collect: 0.351713
I0416 16:50:19.735086   754 cnn_segmentation.cc:185]  before roi filter
I0416 16:50:19.735096   754 cnn_segmentation.cc:193]  Fail to call roi filter, use origin cloud.
I0416 16:50:19.735360   754 cnn_segmentation.cc:206]  after roi filter
I0416 16:50:19.736410   754 cnn_segmentation.cc:216]  Roi-filter time: 0.276873	Ground-detector time: 1.05001
I0416 16:50:19.782330   700 cnn_segmentation.cc:325]  Use origin cloud and copy height
I0416 16:50:19.782845   700 cnn_segmentation.cc:303]  CNNSEG: mapping: 0.106061	 feature: 9.35462	 infer: 11.7133	 fg-seg: 26.0754	 join: 0.000371	 collect: 0.513114
I0416 16:50:19.789583   754 cnn_segmentation.cc:185]  before roi filter
I0416 16:50:19.789597   754 cnn_segmentation.cc:193]  Fail to call roi filter, use origin cloud.
I0416 16:50:19.790081   754 cnn_segmentation.cc:206]  after roi filter
I0416 16:50:19.791332   754 cnn_segmentation.cc:216]  Roi-filter time: 0.499939	Ground-detector time: 1.2522
I0416 16:50:19.810045   700 cnn_segmentation.cc:325]  Use origin cloud and copy height
I0416 16:50:19.810611   700 cnn_segmentation.cc:303]  CNNSEG: mapping: 0.122796	 feature: 0.227359	 infer: 10.9104	 fg-seg: 9.20932	 join: 0.000394	 collect: 0.562771
I0416 16:50:19.819892   754 cnn_segmentation.cc:185]  before roi filter
I0416 16:50:19.819902   754 cnn_segmentation.cc:193]  Fail to call roi filter, use origin cloud.
I0416 16:50:19.820214   754 cnn_segmentation.cc:206]  after roi filter
I0416 16:50:19.821429   754 cnn_segmentation.cc:216]  Roi-filter time: 0.324178	Ground-detector time: 1.21415
I0416 16:50:19.861189   705 cnn_segmentation.cc:325]  Use origin cloud and copy height
I0416 16:50:19.861637   705 cnn_segmentation.cc:303]  CNNSEG: mapping: 0.110567	 feature: 9.57372	 infer: 13.104	 fg-seg: 18.5433	 join: 0.000234	 collect: 0.447185
I0416 16:50:19.990676   754 cnn_segmentation.cc:185]  before roi filter
I0416 16:50:19.990694   754 cnn_segmentation.cc:193]  Fail to call roi filter, use origin cloud.
I0416 16:50:19.991035   754 cnn_segmentation.cc:206]  after roi filter
I0416 16:50:19.992645   754 cnn_segmentation.cc:216]  Roi-filter time: 0.362135	Ground-detector time: 1.61025
I0416 16:50:20.014982   691 cnn_segmentation.cc:325]  Use origin cloud and copy height
I0416 16:50:20.015588   691 cnn_segmentation.cc:303]  CNNSEG: mapping: 0.164854	 feature: 0.274163	 infer: 10.8746	 fg-seg: 13.0311	 join: 0.000324	 collect: 0.604605
I0416 16:50:20.025959   754 cnn_segmentation.cc:185]  before roi filter
I0416 16:50:20.025975   754 cnn_segmentation.cc:193]  Fail to call roi filter, use origin cloud.
I0416 16:50:20.026392   754 cnn_segmentation.cc:206]  after roi filter
I0416 16:50:20.027745   754 cnn_segmentation.cc:216]  Roi-filter time: 0.436412	Ground-detector time: 1.35376
I0416 16:50:20.058626   691 cnn_segmentation.cc:325]  Use origin cloud and copy height
I0416 16:50:20.059022   691 cnn_segmentation.cc:303]  CNNSEG: mapping: 0.13821	 feature: 7.33927	 infer: 13.388	 fg-seg: 11.809	 join: 0.000176	 collect: 0.395144
I0416 16:50:20.104574   754 cnn_segmentation.cc:185]  before roi filter
I0416 16:50:20.104588   754 cnn_segmentation.cc:193]  Fail to call roi filter, use origin cloud.
I0416 16:50:20.105262   754 cnn_segmentation.cc:206]  after roi filter
I0416 16:50:20.106907   754 cnn_segmentation.cc:216]  Roi-filter time: 0.688837	Ground-detector time: 1.64743
I0416 16:50:20.130237   701 cnn_segmentation.cc:325]  Use origin cloud and copy height
I0416 16:50:20.130909   701 cnn_segmentation.cc:303]  CNNSEG: mapping: 0.198197	 feature: 0.355146	 infer: 10.9219	 fg-seg: 14.2304	 join: 0.000263	 collect: 0.669444
I0416 16:50:20.201714   754 cnn_segmentation.cc:185]  before roi filter
I0416 16:50:20.201725   754 cnn_segmentation.cc:193]  Fail to call roi filter, use origin cloud.
I0416 16:50:20.202049   754 cnn_segmentation.cc:206]  after roi filter
I0416 16:50:20.203434   754 cnn_segmentation.cc:216]  Roi-filter time: 0.336306	Ground-detector time: 1.38625
I0416 16:50:20.222581   703 cnn_segmentation.cc:325]  Use origin cloud and copy height
I0416 16:50:20.223219   703 cnn_segmentation.cc:303]  CNNSEG: mapping: 0.100426	 feature: 0.280488	 infer: 10.883	 fg-seg: 9.63717	 join: 0.000251	 collect: 0.636454
I0416 16:50:20.406383   754 cnn_segmentation.cc:185]  before roi filter
I0416 16:50:20.406407   754 cnn_segmentation.cc:193]  Fail to call roi filter, use origin cloud.
I0416 16:50:20.406934   754 cnn_segmentation.cc:206]  after roi filter
I0416 16:50:20.408758   754 cnn_segmentation.cc:216]  Roi-filter time: 0.55598	Ground-detector time: 1.82598
I0416 16:50:20.428298   704 cnn_segmentation.cc:325]  Use origin cloud and copy height
I0416 16:50:20.428820   704 cnn_segmentation.cc:303]  CNNSEG: mapping: 0.399005	 feature: 0.336404	 infer: 10.876	 fg-seg: 10.3196	 join: 0.000348	 collect: 0.517457
I0416 16:50:20.436771   754 cnn_segmentation.cc:185]  before roi filter
I0416 16:50:20.436784   754 cnn_segmentation.cc:193]  Fail to call roi filter, use origin cloud.
I0416 16:50:20.437220   754 cnn_segmentation.cc:206]  after roi filter
I0416 16:50:20.438642   754 cnn_segmentation.cc:216]  Roi-filter time: 0.451195	Ground-detector time: 1.42149
I0416 16:50:20.473567   704 cnn_segmentation.cc:325]  Use origin cloud and copy height
I0416 16:50:20.474264   704 cnn_segmentation.cc:303]  CNNSEG: mapping: 0.165959	 feature: 12.7249	 infer: 11.0045	 fg-seg: 12.9066	 join: 0.000361	 collect: 0.695961
I0416 16:50:20.481850   754 cnn_segmentation.cc:185]  before roi filter
I0416 16:50:20.481864   754 cnn_segmentation.cc:193]  Fail to call roi filter, use origin cloud.
I0416 16:50:20.482195   754 cnn_segmentation.cc:206]  after roi filter
I0416 16:50:20.483321   754 cnn_segmentation.cc:216]  Roi-filter time: 0.347485	Ground-detector time: 1.12589
I0416 16:50:20.524222   705 cnn_segmentation.cc:325]  Use origin cloud and copy height
I0416 16:50:20.524777   705 cnn_segmentation.cc:303]  CNNSEG: mapping: 0.154094	 feature: 10.369	 infer: 11.5592	 fg-seg: 20.2954	 join: 0.000332	 collect: 0.553349
I0416 16:50:20.602387   754 cnn_segmentation.cc:185]  before roi filter
I0416 16:50:20.602397   754 cnn_segmentation.cc:193]  Fail to call roi filter, use origin cloud.
I0416 16:50:20.602658   754 cnn_segmentation.cc:206]  after roi filter
I0416 16:50:20.603693   754 cnn_segmentation.cc:216]  Roi-filter time: 0.273418	Ground-detector time: 1.03544
I0416 16:50:20.622156   709 cnn_segmentation.cc:325]  Use origin cloud and copy height
I0416 16:50:20.622623   709 cnn_segmentation.cc:303]  CNNSEG: mapping: 0.100148	 feature: 0.241253	 infer: 10.9114	 fg-seg: 8.54942	 join: 0.000347	 collect: 0.466048
I0416 16:50:20.798174   754 cnn_segmentation.cc:185]  before roi filter
I0416 16:50:20.798205   754 cnn_segmentation.cc:193]  Fail to call roi filter, use origin cloud.
I0416 16:50:20.798739   754 cnn_segmentation.cc:206]  after roi filter
I0416 16:50:20.801306   754 cnn_segmentation.cc:216]  Roi-filter time: 0.570538	Ground-detector time: 2.56777
I0416 16:50:20.819172   704 cnn_segmentation.cc:325]  Use origin cloud and copy height
I0416 16:50:20.819643   704 cnn_segmentation.cc:303]  CNNSEG: mapping: 0.292511	 feature: 0.320194	 infer: 10.8919	 fg-seg: 9.54419	 join: 0.000266	 collect: 0.468681
I0416 16:50:20.836443   754 cnn_segmentation.cc:185]  before roi filter
I0416 16:50:20.836453   754 cnn_segmentation.cc:193]  Fail to call roi filter, use origin cloud.
I0416 16:50:20.836760   754 cnn_segmentation.cc:206]  after roi filter
I0416 16:50:20.837828   754 cnn_segmentation.cc:216]  Roi-filter time: 0.319278	Ground-detector time: 1.06876
I0416 16:50:20.876849   705 cnn_segmentation.cc:325]  Use origin cloud and copy height
I0416 16:50:20.877399   705 cnn_segmentation.cc:303]  CNNSEG: mapping: 0.109244	 feature: 12.5371	 infer: 15.4414	 fg-seg: 12.3509	 join: 0.00048	 collect: 0.549592
I0416 16:50:20.883913   754 cnn_segmentation.cc:185]  before roi filter
I0416 16:50:20.883919   754 cnn_segmentation.cc:193]  Fail to call roi filter, use origin cloud.
I0416 16:50:20.884264   754 cnn_segmentation.cc:206]  after roi filter
I0416 16:50:20.885602   754 cnn_segmentation.cc:216]  Roi-filter time: 0.352236	Ground-detector time: 1.33817
I0416 16:50:20.907819   705 cnn_segmentation.cc:325]  Use origin cloud and copy height
I0416 16:50:20.908574   705 cnn_segmentation.cc:303]  CNNSEG: mapping: 0.107348	 feature: 1.13225	 infer: 10.8684	 fg-seg: 11.8018	 join: 0.000467	 collect: 0.753958
I0416 16:50:21.025969   754 cnn_segmentation.cc:185]  before roi filter
I0416 16:50:21.025980   754 cnn_segmentation.cc:193]  Fail to call roi filter, use origin cloud.
I0416 16:50:21.026245   754 cnn_segmentation.cc:206]  after roi filter
I0416 16:50:21.027456   754 cnn_segmentation.cc:216]  Roi-filter time: 0.279517	Ground-detector time: 1.21063
I0416 16:50:21.066570   704 cnn_segmentation.cc:325]  Use origin cloud and copy height
I0416 16:50:21.067024   704 cnn_segmentation.cc:303]  CNNSEG: mapping: 0.1268	 feature: 15.9335	 infer: 10.9792	 fg-seg: 13.5989	 join: 0.000458	 collect: 0.454003
I0416 16:50:21.080870   754 cnn_segmentation.cc:185]  before roi filter
I0416 16:50:21.080878   754 cnn_segmentation.cc:193]  Fail to call roi filter, use origin cloud.
I0416 16:50:21.081115   754 cnn_segmentation.cc:206]  after roi filter
I0416 16:50:21.082134   754 cnn_segmentation.cc:216]  Roi-filter time: 0.245999	Ground-detector time: 1.01984
I0416 16:50:21.100739   708 cnn_segmentation.cc:325]  Use origin cloud and copy height
I0416 16:50:21.101135   708 cnn_segmentation.cc:303]  CNNSEG: mapping: 0.1609	 feature: 0.212717	 infer: 10.8349	 fg-seg: 8.66642	 join: 0.000268	 collect: 0.394363
I0416 16:50:21.199954   754 cnn_segmentation.cc:185]  before roi filter
I0416 16:50:21.199967   754 cnn_segmentation.cc:193]  Fail to call roi filter, use origin cloud.
I0416 16:50:21.200218   754 cnn_segmentation.cc:206]  after roi filter
I0416 16:50:21.201251   754 cnn_segmentation.cc:216]  Roi-filter time: 0.265392	Ground-detector time: 1.03446
I0416 16:50:21.223441   691 cnn_segmentation.cc:325]  Use origin cloud and copy height
I0416 16:50:21.223863   691 cnn_segmentation.cc:303]  CNNSEG: mapping: 0.120605	 feature: 0.229642	 infer: 11.1958	 fg-seg: 11.9616	 join: 0.000254	 collect: 0.422082
I0416 16:50:21.285324   754 cnn_segmentation.cc:185]  before roi filter
I0416 16:50:21.285334   754 cnn_segmentation.cc:193]  Fail to call roi filter, use origin cloud.
I0416 16:50:21.285665   754 cnn_segmentation.cc:206]  after roi filter
I0416 16:50:21.286720   754 cnn_segmentation.cc:216]  Roi-filter time: 0.342774	Ground-detector time: 1.05517
I0416 16:50:21.308779   699 cnn_segmentation.cc:325]  Use origin cloud and copy height
I0416 16:50:21.309404   699 cnn_segmentation.cc:303]  CNNSEG: mapping: 0.101018	 feature: 0.207425	 infer: 11.4278	 fg-seg: 11.7515	 join: 0.000356	 collect: 0.624631
I0416 16:50:21.400389   754 cnn_segmentation.cc:185]  before roi filter
I0416 16:50:21.400403   754 cnn_segmentation.cc:193]  Fail to call roi filter, use origin cloud.
I0416 16:50:21.400821   754 cnn_segmentation.cc:206]  after roi filter
I0416 16:50:21.402142   754 cnn_segmentation.cc:216]  Roi-filter time: 0.433107	Ground-detector time: 1.32168
I0416 16:50:21.421178   704 cnn_segmentation.cc:325]  Use origin cloud and copy height
I0416 16:50:21.421692   704 cnn_segmentation.cc:303]  CNNSEG: mapping: 0.092959	 feature: 0.252601	 infer: 10.8669	 fg-seg: 9.62263	 join: 0.000362	 collect: 0.512562
I0416 16:50:21.598599   754 cnn_segmentation.cc:185]  before roi filter
I0416 16:50:21.598632   754 cnn_segmentation.cc:193]  Fail to call roi filter, use origin cloud.
I0416 16:50:21.599153   754 cnn_segmentation.cc:206]  after roi filter
I0416 16:50:21.601675   754 cnn_segmentation.cc:216]  Roi-filter time: 0.560633	Ground-detector time: 2.52165
I0416 16:50:21.621002   705 cnn_segmentation.cc:325]  Use origin cloud and copy height
I0416 16:50:21.621572   705 cnn_segmentation.cc:303]  CNNSEG: mapping: 0.298551	 feature: 0.316132	 infer: 10.8493	 fg-seg: 10.9893	 join: 0.000323	 collect: 0.568939
I0416 16:50:21.643435   754 cnn_segmentation.cc:185]  before roi filter
I0416 16:50:21.643448   754 cnn_segmentation.cc:193]  Fail to call roi filter, use origin cloud.
I0416 16:50:21.643790   754 cnn_segmentation.cc:206]  after roi filter
I0416 16:50:21.644870   754 cnn_segmentation.cc:216]  Roi-filter time: 0.35545	Ground-detector time: 1.08226
I0416 16:50:21.685760   709 cnn_segmentation.cc:325]  Use origin cloud and copy height
I0416 16:50:21.686112   709 cnn_segmentation.cc:303]  CNNSEG: mapping: 0.15325	 feature: 7.9481	 infer: 12.1573	 fg-seg: 22.0745	 join: 0.000253	 collect: 0.351007
I0416 16:50:21.693222   754 cnn_segmentation.cc:185]  before roi filter
I0416 16:50:21.693243   754 cnn_segmentation.cc:193]  Fail to call roi filter, use origin cloud.
I0416 16:50:21.693990   754 cnn_segmentation.cc:206]  after roi filter
I0416 16:50:21.696040   754 cnn_segmentation.cc:216]  Roi-filter time: 0.770281	Ground-detector time: 2.05085
I0416 16:50:21.716019   709 cnn_segmentation.cc:325]  Use origin cloud and copy height
I0416 16:50:21.716434   709 cnn_segmentation.cc:303]  CNNSEG: mapping: 0.196017	 feature: 1.91175	 infer: 11.9349	 fg-seg: 8.76264	 join: 0.000668	 collect: 0.412253
I0416 16:50:21.799877   754 cnn_segmentation.cc:185]  before roi filter
I0416 16:50:21.799887   754 cnn_segmentation.cc:193]  Fail to call roi filter, use origin cloud.
I0416 16:50:21.800141   754 cnn_segmentation.cc:206]  after roi filter
I0416 16:50:21.801138   754 cnn_segmentation.cc:216]  Roi-filter time: 0.266099	Ground-detector time: 0.996845
I0416 16:50:21.819509   705 cnn_segmentation.cc:325]  Use origin cloud and copy height
I0416 16:50:21.820020   705 cnn_segmentation.cc:303]  CNNSEG: mapping: 0.098334	 feature: 0.232924	 infer: 10.8375	 fg-seg: 8.49958	 join: 0.000365	 collect: 0.51037
I0416 16:50:21.868358   754 cnn_segmentation.cc:185]  before roi filter
I0416 16:50:21.868368   754 cnn_segmentation.cc:193]  Fail to call roi filter, use origin cloud.
I0416 16:50:21.868618   754 cnn_segmentation.cc:206]  after roi filter
I0416 16:50:21.869596   754 cnn_segmentation.cc:216]  Roi-filter time: 0.260067	Ground-detector time: 0.980194
I0416 16:50:21.894357   702 cnn_segmentation.cc:325]  Use origin cloud and copy height
I0416 16:50:21.895027   702 cnn_segmentation.cc:303]  CNNSEG: mapping: 0.116431	 feature: 4.04734	 infer: 11.1173	 fg-seg: 10.7549	 join: 0.000821	 collect: 0.670474
I0416 16:50:21.975194   754 cnn_segmentation.cc:185]  before roi filter
I0416 16:50:21.975205   754 cnn_segmentation.cc:193]  Fail to call roi filter, use origin cloud.
I0416 16:50:21.975482   754 cnn_segmentation.cc:206]  after roi filter
