Log file created at: 2019/04/20 11:28:57
Running on machine: in_dev_docker
Log line format: [IWEF]mmdd hh:mm:ss.uuuuuu threadid file:line] msg
I0420 11:28:57.932366  5820 cnn_segmentation.cc:48]  --    param_file: /apollo/modules/perception/production/./data/perception/lidar/models/cnnseg/velodyne128/cnnseg_param.conf
I0420 11:28:57.932395  5820 cnn_segmentation.cc:49]  --    proto_file: /apollo/modules/perception/production/./data/perception/lidar/models/cnnseg/velodyne128/deploy.prototxt
I0420 11:28:57.932404  5820 cnn_segmentation.cc:50]  --    weight_file: /apollo/modules/perception/production/./data/perception/lidar/models/cnnseg/velodyne128/deploy.caffemodel
I0420 11:28:57.932411  5820 cnn_segmentation.cc:51]  --    engine_file: /apollo/modules/perception/production/./data/perception/lidar/models/cnnseg/velodyne128/engine.conf
I0420 11:30:51.801065  5883 cnn_segmentation.cc:185]  before roi filter
I0420 11:30:51.801084  5883 cnn_segmentation.cc:193]  Fail to call roi filter, use origin cloud.
I0420 11:30:51.802271  5883 cnn_segmentation.cc:206]  after roi filter
I0420 11:30:51.804031  5883 cnn_segmentation.cc:216]  Roi-filter time: 1.21888	Ground-detector time: 1.76163
I0420 11:30:51.841214  5829 cnn_segmentation.cc:325]  Use origin cloud and copy height
I0420 11:30:51.841579  5829 cnn_segmentation.cc:303]  CNNSEG: mapping: 0.209521	 feature: 14.7624	 infer: 17.4649	 fg-seg: 7.77031	 join: 0.000193	 collect: 0.363351
I0420 11:30:51.893775  5883 cnn_segmentation.cc:185]  before roi filter
I0420 11:30:51.893788  5883 cnn_segmentation.cc:193]  Fail to call roi filter, use origin cloud.
I0420 11:30:51.894503  5883 cnn_segmentation.cc:206]  after roi filter
I0420 11:30:51.895673  5883 cnn_segmentation.cc:216]  Roi-filter time: 0.730114	Ground-detector time: 1.17237
I0420 11:30:51.917271  5832 cnn_segmentation.cc:325]  Use origin cloud and copy height
I0420 11:30:51.917619  5832 cnn_segmentation.cc:303]  CNNSEG: mapping: 0.119459	 feature: 0.259622	 infer: 15.2329	 fg-seg: 7.91234	 join: 0.000225	 collect: 0.345574
I0420 11:30:52.026752  5883 cnn_segmentation.cc:185]  before roi filter
I0420 11:30:52.026774  5883 cnn_segmentation.cc:193]  Fail to call roi filter, use origin cloud.
I0420 11:30:52.028224  5883 cnn_segmentation.cc:206]  after roi filter
I0420 11:30:52.031693  5883 cnn_segmentation.cc:216]  Roi-filter time: 1.47394	Ground-detector time: 3.47223
I0420 11:30:52.052192  5825 cnn_segmentation.cc:325]  Use origin cloud and copy height
I0420 11:30:52.052863  5825 cnn_segmentation.cc:303]  CNNSEG: mapping: 0.520167	 feature: 0.379605	 infer: 13.261	 fg-seg: 11.2981	 join: 0.000361	 collect: 0.667217
I0420 11:30:52.093667  5883 cnn_segmentation.cc:185]  before roi filter
I0420 11:30:52.093679  5883 cnn_segmentation.cc:193]  Fail to call roi filter, use origin cloud.
I0420 11:30:52.093979  5883 cnn_segmentation.cc:206]  after roi filter
I0420 11:30:52.095142  5883 cnn_segmentation.cc:216]  Roi-filter time: 0.314031	Ground-detector time: 1.16376
I0420 11:30:52.115222  5831 cnn_segmentation.cc:325]  Use origin cloud and copy height
I0420 11:30:52.115555  5831 cnn_segmentation.cc:303]  CNNSEG: mapping: 0.12046	 feature: 0.2534	 infer: 13.3095	 fg-seg: 7.90787	 join: 0.000166	 collect: 0.328329
I0420 11:30:52.236073  5883 cnn_segmentation.cc:185]  before roi filter
I0420 11:30:52.236114  5883 cnn_segmentation.cc:193]  Fail to call roi filter, use origin cloud.
I0420 11:30:52.236876  5883 cnn_segmentation.cc:206]  after roi filter
I0420 11:30:52.239467  5883 cnn_segmentation.cc:216]  Roi-filter time: 0.812415	Ground-detector time: 2.59226
I0420 11:30:52.260084  5822 cnn_segmentation.cc:325]  Use origin cloud and copy height
I0420 11:30:52.260437  5822 cnn_segmentation.cc:303]  CNNSEG: mapping: 0.466372	 feature: 0.346486	 infer: 14.5853	 fg-seg: 8.67129	 join: 0.000255	 collect: 0.348302
I0420 11:30:52.322846  5883 cnn_segmentation.cc:185]  before roi filter
I0420 11:30:52.322875  5883 cnn_segmentation.cc:193]  Fail to call roi filter, use origin cloud.
I0420 11:30:52.323426  5883 cnn_segmentation.cc:206]  after roi filter
I0420 11:30:52.325541  5883 cnn_segmentation.cc:216]  Roi-filter time: 0.583427	Ground-detector time: 2.11714
I0420 11:30:52.344985  5824 cnn_segmentation.cc:325]  Use origin cloud and copy height
I0420 11:30:52.345314  5824 cnn_segmentation.cc:303]  CNNSEG: mapping: 0.255546	 feature: 0.299334	 infer: 12.9891	 fg-seg: 8.64428	 join: 0.000184	 collect: 0.326307
I0420 11:30:52.392215  5883 cnn_segmentation.cc:185]  before roi filter
I0420 11:30:52.392225  5883 cnn_segmentation.cc:193]  Fail to call roi filter, use origin cloud.
I0420 11:30:52.392535  5883 cnn_segmentation.cc:206]  after roi filter
I0420 11:30:52.393584  5883 cnn_segmentation.cc:216]  Roi-filter time: 0.323129	Ground-detector time: 1.04851
I0420 11:30:52.413426  5829 cnn_segmentation.cc:325]  Use origin cloud and copy height
I0420 11:30:52.413652  5829 cnn_segmentation.cc:303]  CNNSEG: mapping: 0.118432	 feature: 0.216005	 infer: 13.3836	 fg-seg: 7.52867	 join: 0.000158	 collect: 0.226296
I0420 11:30:52.532681  5883 cnn_segmentation.cc:185]  before roi filter
I0420 11:30:52.532706  5883 cnn_segmentation.cc:193]  Fail to call roi filter, use origin cloud.
I0420 11:30:52.533219  5883 cnn_segmentation.cc:206]  after roi filter
I0420 11:30:52.535281  5883 cnn_segmentation.cc:216]  Roi-filter time: 0.54338	Ground-detector time: 2.06244
I0420 11:30:52.555234  5833 cnn_segmentation.cc:325]  Use origin cloud and copy height
I0420 11:30:52.555544  5833 cnn_segmentation.cc:303]  CNNSEG: mapping: 0.250084	 feature: 0.299555	 infer: 12.9763	 fg-seg: 9.07515	 join: 0.000265	 collect: 0.307979
I0420 11:30:52.593128  5883 cnn_segmentation.cc:185]  before roi filter
I0420 11:30:52.593138  5883 cnn_segmentation.cc:193]  Fail to call roi filter, use origin cloud.
I0420 11:30:52.593448  5883 cnn_segmentation.cc:206]  after roi filter
I0420 11:30:52.594537  5883 cnn_segmentation.cc:216]  Roi-filter time: 0.322491	Ground-detector time: 1.08955
I0420 11:30:52.614778  5826 cnn_segmentation.cc:325]  Use origin cloud and copy height
I0420 11:30:52.615072  5826 cnn_segmentation.cc:303]  CNNSEG: mapping: 0.110502	 feature: 0.261932	 infer: 13.5173	 fg-seg: 7.7962	 join: 0.000255	 collect: 0.292834
I0420 11:30:52.718627  5883 cnn_segmentation.cc:185]  before roi filter
I0420 11:30:52.718660  5883 cnn_segmentation.cc:193]  Fail to call roi filter, use origin cloud.
I0420 11:30:52.719353  5883 cnn_segmentation.cc:206]  after roi filter
I0420 11:30:52.722139  5883 cnn_segmentation.cc:216]  Roi-filter time: 0.732917	Ground-detector time: 2.78736
I0420 11:30:52.742213  5830 cnn_segmentation.cc:325]  Use origin cloud and copy height
I0420 11:30:52.742563  5830 cnn_segmentation.cc:303]  CNNSEG: mapping: 0.339012	 feature: 0.350524	 infer: 14.1046	 fg-seg: 8.84654	 join: 0.000344	 collect: 0.345692
I0420 11:30:52.795707  5883 cnn_segmentation.cc:185]  before roi filter
I0420 11:30:52.795723  5883 cnn_segmentation.cc:193]  Fail to call roi filter, use origin cloud.
I0420 11:30:52.796115  5883 cnn_segmentation.cc:206]  after roi filter
I0420 11:30:52.797534  5883 cnn_segmentation.cc:216]  Roi-filter time: 0.411604	Ground-detector time: 1.4192
I0420 11:30:52.819118  5822 cnn_segmentation.cc:325]  Use origin cloud and copy height
I0420 11:30:52.819392  5822 cnn_segmentation.cc:303]  CNNSEG: mapping: 0.180915	 feature: 0.302952	 infer: 13.9021	 fg-seg: 9.06434	 join: 0.000248	 collect: 0.274782
I0420 11:30:52.902101  5883 cnn_segmentation.cc:185]  before roi filter
I0420 11:30:52.902118  5883 cnn_segmentation.cc:193]  Fail to call roi filter, use origin cloud.
I0420 11:30:52.902489  5883 cnn_segmentation.cc:206]  after roi filter
I0420 11:30:52.904019  5883 cnn_segmentation.cc:216]  Roi-filter time: 0.391731	Ground-detector time: 1.5302
I0420 11:30:52.925449  5826 cnn_segmentation.cc:325]  Use origin cloud and copy height
I0420 11:30:52.925845  5826 cnn_segmentation.cc:303]  CNNSEG: mapping: 0.177559	 feature: 0.292673	 infer: 14.1697	 fg-seg: 8.74484	 join: 0.000407	 collect: 0.39258
I0420 11:30:53.033772  5883 cnn_segmentation.cc:185]  before roi filter
I0420 11:30:53.033814  5883 cnn_segmentation.cc:193]  Fail to call roi filter, use origin cloud.
I0420 11:30:53.034668  5883 cnn_segmentation.cc:206]  after roi filter
I0420 11:30:53.038267  5883 cnn_segmentation.cc:216]  Roi-filter time: 0.903192	Ground-detector time: 3.60074
I0420 11:30:53.059340  5829 cnn_segmentation.cc:325]  Use origin cloud and copy height
I0420 11:30:53.059865  5829 cnn_segmentation.cc:303]  CNNSEG: mapping: 0.736711	 feature: 0.474569	 infer: 13.9809	 fg-seg: 10.4322	 join: 0.000491	 collect: 0.523519
I0420 11:30:53.092018  5883 cnn_segmentation.cc:185]  before roi filter
I0420 11:30:53.092026  5883 cnn_segmentation.cc:193]  Fail to call roi filter, use origin cloud.
I0420 11:30:53.092290  5883 cnn_segmentation.cc:206]  after roi filter
I0420 11:30:53.093346  5883 cnn_segmentation.cc:216]  Roi-filter time: 0.273273	Ground-detector time: 1.05634
I0420 11:30:53.113716  5832 cnn_segmentation.cc:325]  Use origin cloud and copy height
I0420 11:30:53.113991  5832 cnn_segmentation.cc:303]  CNNSEG: mapping: 0.107933	 feature: 0.264635	 infer: 13.0079	 fg-seg: 8.32372	 join: 0.000212	 collect: 0.274077
I0420 11:30:53.210444  5883 cnn_segmentation.cc:185]  before roi filter
I0420 11:30:53.210463  5883 cnn_segmentation.cc:193]  Fail to call roi filter, use origin cloud.
I0420 11:30:53.210865  5883 cnn_segmentation.cc:206]  after roi filter
I0420 11:30:53.212533  5883 cnn_segmentation.cc:216]  Roi-filter time: 0.423995	Ground-detector time: 1.66951
I0420 11:30:53.233042  5825 cnn_segmentation.cc:325]  Use origin cloud and copy height
I0420 11:30:53.233309  5825 cnn_segmentation.cc:303]  CNNSEG: mapping: 0.214221	 feature: 0.289219	 infer: 12.9702	 fg-seg: 9.16747	 join: 0.000204	 collect: 0.263041
I0420 11:30:53.322849  5883 cnn_segmentation.cc:185]  before roi filter
I0420 11:30:53.322868  5883 cnn_segmentation.cc:193]  Fail to call roi filter, use origin cloud.
I0420 11:30:53.323314  5883 cnn_segmentation.cc:206]  after roi filter
I0420 11:30:53.325153  5883 cnn_segmentation.cc:216]  Roi-filter time: 0.467745	Ground-detector time: 1.83979
I0420 11:30:53.345954  5828 cnn_segmentation.cc:325]  Use origin cloud and copy height
I0420 11:30:53.346235  5828 cnn_segmentation.cc:303]  CNNSEG: mapping: 0.184849	 feature: 0.288252	 infer: 14.5126	 fg-seg: 8.16296	 join: 0.000194	 collect: 0.27979
I0420 11:30:53.392632  5883 cnn_segmentation.cc:185]  before roi filter
I0420 11:30:53.392643  5883 cnn_segmentation.cc:193]  Fail to call roi filter, use origin cloud.
I0420 11:30:53.392947  5883 cnn_segmentation.cc:206]  after roi filter
I0420 11:30:53.394008  5883 cnn_segmentation.cc:216]  Roi-filter time: 0.317472	Ground-detector time: 1.06135
I0420 11:30:53.414036  5823 cnn_segmentation.cc:325]  Use origin cloud and copy height
I0420 11:30:53.414371  5823 cnn_segmentation.cc:303]  CNNSEG: mapping: 0.101797	 feature: 0.256137	 infer: 12.9968	 fg-seg: 8.07084	 join: 0.000198	 collect: 0.331084
I0420 11:30:53.508608  5883 cnn_segmentation.cc:185]  before roi filter
I0420 11:30:53.508631  5883 cnn_segmentation.cc:193]  Fail to call roi filter, use origin cloud.
I0420 11:30:53.509147  5883 cnn_segmentation.cc:206]  after roi filter
I0420 11:30:53.511153  5883 cnn_segmentation.cc:216]  Roi-filter time: 0.54316	Ground-detector time: 2.00845
I0420 11:30:53.531703  5826 cnn_segmentation.cc:325]  Use origin cloud and copy height
I0420 11:30:53.532006  5826 cnn_segmentation.cc:303]  CNNSEG: mapping: 0.299539	 feature: 0.330042	 infer: 13.4711	 fg-seg: 9.03243	 join: 0.000181	 collect: 0.302183
I0420 11:30:53.606114  5883 cnn_segmentation.cc:185]  before roi filter
I0420 11:30:53.606133  5883 cnn_segmentation.cc:193]  Fail to call roi filter, use origin cloud.
I0420 11:30:53.606557  5883 cnn_segmentation.cc:206]  after roi filter
I0420 11:30:53.608261  5883 cnn_segmentation.cc:216]  Roi-filter time: 0.446015	Ground-detector time: 1.70492
I0420 11:30:53.629804  5831 cnn_segmentation.cc:325]  Use origin cloud and copy height
I0420 11:30:53.630178  5831 cnn_segmentation.cc:303]  CNNSEG: mapping: 0.193568	 feature: 0.278131	 infer: 14.7835	 fg-seg: 8.47759	 join: 0.000183	 collect: 0.372177
I0420 11:30:53.700098  5883 cnn_segmentation.cc:185]  before roi filter
I0420 11:30:53.700112  5883 cnn_segmentation.cc:193]  Fail to call roi filter, use origin cloud.
I0420 11:30:53.700525  5883 cnn_segmentation.cc:206]  after roi filter
I0420 11:30:53.702502  5883 cnn_segmentation.cc:216]  Roi-filter time: 0.42815	Ground-detector time: 1.97969
I0420 11:30:53.725716  5833 cnn_segmentation.cc:325]  Use origin cloud and copy height
I0420 11:30:53.726266  5833 cnn_segmentation.cc:303]  CNNSEG: mapping: 0.296875	 feature: 0.293119	 infer: 14.7942	 fg-seg: 10.2436	 join: 0.000376	 collect: 0.547227
I0420 11:30:53.804278  5883 cnn_segmentation.cc:185]  before roi filter
I0420 11:30:53.804296  5883 cnn_segmentation.cc:193]  Fail to call roi filter, use origin cloud.
I0420 11:30:53.804709  5883 cnn_segmentation.cc:206]  after roi filter
I0420 11:30:53.806409  5883 cnn_segmentation.cc:216]  Roi-filter time: 0.436048	Ground-detector time: 1.70032
I0420 11:30:53.828539  5827 cnn_segmentation.cc:325]  Use origin cloud and copy height
I0420 11:30:53.828961  5827 cnn_segmentation.cc:303]  CNNSEG: mapping: 0.199905	 feature: 0.277688	 infer: 14.2253	 fg-seg: 9.59633	 join: 0.000277	 collect: 0.418746
I0420 11:30:53.932853  5883 cnn_segmentation.cc:185]  before roi filter
I0420 11:30:53.932894  5883 cnn_segmentation.cc:193]  Fail to call roi filter, use origin cloud.
I0420 11:30:53.933682  5883 cnn_segmentation.cc:206]  after roi filter
I0420 11:30:53.937489  5883 cnn_segmentation.cc:216]  Roi-filter time: 0.836875	Ground-detector time: 3.8077
I0420 11:30:53.959797  5830 cnn_segmentation.cc:325]  Use origin cloud and copy height
I0420 11:30:53.960222  5830 cnn_segmentation.cc:303]  CNNSEG: mapping: 0.443008	 feature: 0.403926	 infer: 14.9906	 fg-seg: 11.1655	 join: 0.000269	 collect: 0.421218
I0420 11:30:53.995113  5883 cnn_segmentation.cc:185]  before roi filter
I0420 11:30:53.995126  5883 cnn_segmentation.cc:193]  Fail to call roi filter, use origin cloud.
I0420 11:30:53.995429  5883 cnn_segmentation.cc:206]  after roi filter
I0420 11:30:53.996651  5883 cnn_segmentation.cc:216]  Roi-filter time: 0.318914	Ground-detector time: 1.2224
I0420 11:30:54.017560  5832 cnn_segmentation.cc:325]  Use origin cloud and copy height
I0420 11:30:54.017896  5832 cnn_segmentation.cc:303]  CNNSEG: mapping: 0.139269	 feature: 0.277608	 infer: 13.0019	 fg-seg: 9.06745	 join: 0.000235	 collect: 0.335101
I0420 11:30:54.123389  5883 cnn_segmentation.cc:185]  before roi filter
I0420 11:30:54.123419  5883 cnn_segmentation.cc:193]  Fail to call roi filter, use origin cloud.
I0420 11:30:54.123951  5883 cnn_segmentation.cc:206]  after roi filter
I0420 11:30:54.126286  5883 cnn_segmentation.cc:216]  Roi-filter time: 0.569005	Ground-detector time: 2.33546
I0420 11:30:54.148860  5824 cnn_segmentation.cc:325]  Use origin cloud and copy height
I0420 11:30:54.149330  5824 cnn_segmentation.cc:303]  CNNSEG: mapping: 0.262128	 feature: 0.493341	 infer: 13.8748	 fg-seg: 10.8632	 join: 0.000246	 collect: 0.466542
I0420 11:30:54.192581  5883 cnn_segmentation.cc:185]  before roi filter
I0420 11:30:54.192591  5883 cnn_segmentation.cc:193]  Fail to call roi filter, use origin cloud.
I0420 11:30:54.192885  5883 cnn_segmentation.cc:206]  after roi filter
I0420 11:30:54.193941  5883 cnn_segmentation.cc:216]  Roi-filter time: 0.305488	Ground-detector time: 1.05712
I0420 11:30:54.214200  5828 cnn_segmentation.cc:325]  Use origin cloud and copy height
I0420 11:30:54.214637  5828 cnn_segmentation.cc:303]  CNNSEG: mapping: 0.109389	 feature: 0.258177	 infer: 13.0077	 fg-seg: 8.27978	 join: 0.000289	 collect: 0.435579
I0420 11:30:54.303788  5883 cnn_segmentation.cc:185]  before roi filter
I0420 11:30:54.303808  5883 cnn_segmentation.cc:193]  Fail to call roi filter, use origin cloud.
I0420 11:30:54.304195  5883 cnn_segmentation.cc:206]  after roi filter
I0420 11:30:54.305886  5883 cnn_segmentation.cc:216]  Roi-filter time: 0.412126	Ground-detector time: 1.69134
I0420 11:30:54.328462  5823 cnn_segmentation.cc:325]  Use origin cloud and copy height
I0420 11:30:54.328872  5823 cnn_segmentation.cc:303]  CNNSEG: mapping: 0.191522	 feature: 0.282105	 infer: 14.0779	 fg-seg: 10.138	 join: 0.000173	 collect: 0.407522
I0420 11:30:54.412250  5883 cnn_segmentation.cc:185]  before roi filter
I0420 11:30:54.412271  5883 cnn_segmentation.cc:193]  Fail to call roi filter, use origin cloud.
I0420 11:30:54.412658  5883 cnn_segmentation.cc:206]  after roi filter
I0420 11:30:54.414309  5883 cnn_segmentation.cc:216]  Roi-filter time: 0.412896	Ground-detector time: 1.6509
I0420 11:30:54.435519  5825 cnn_segmentation.cc:325]  Use origin cloud and copy height
I0420 11:30:54.435878  5825 cnn_segmentation.cc:303]  CNNSEG: mapping: 0.219256	 feature: 0.280499	 infer: 12.9981	 fg-seg: 9.78894	 join: 0.000161	 collect: 0.357916
I0420 11:30:54.512480  5883 cnn_segmentation.cc:185]  before roi filter
I0420 11:30:54.512506  5883 cnn_segmentation.cc:193]  Fail to call roi filter, use origin cloud.
I0420 11:30:54.513058  5883 cnn_segmentation.cc:206]  after roi filter
I0420 11:30:54.515182  5883 cnn_segmentation.cc:216]  Roi-filter time: 0.584922	Ground-detector time: 2.12342
I0420 11:30:54.536222  5831 cnn_segmentation.cc:325]  Use origin cloud and copy height
I0420 11:30:54.536528  5831 cnn_segmentation.cc:303]  CNNSEG: mapping: 0.272523	 feature: 0.35284	 infer: 14.517	 fg-seg: 8.6405	 join: 0.000228	 collect: 0.304607
I0420 11:30:54.626940  5883 cnn_segmentation.cc:185]  before roi filter
I0420 11:30:54.626965  5883 cnn_segmentation.cc:193]  Fail to call roi filter, use origin cloud.
I0420 11:30:54.627612  5883 cnn_segmentation.cc:206]  after roi filter
I0420 11:30:54.631057  5883 cnn_segmentation.cc:216]  Roi-filter time: 0.672442	Ground-detector time: 3.44751
I0420 11:30:54.652720  5832 cnn_segmentation.cc:325]  Use origin cloud and copy height
I0420 11:30:54.653287  5832 cnn_segmentation.cc:303]  CNNSEG: mapping: 0.514672	 feature: 0.385592	 infer: 14.5138	 fg-seg: 10.3817	 join: 0.000383	 collect: 0.56485
I0420 11:30:54.733613  5883 cnn_segmentation.cc:185]  before roi filter
I0420 11:30:54.733661  5883 cnn_segmentation.cc:193]  Fail to call roi filter, use origin cloud.
I0420 11:30:54.734406  5883 cnn_segmentation.cc:206]  after roi filter
I0420 11:30:54.737924  5883 cnn_segmentation.cc:216]  Roi-filter time: 0.801805	Ground-detector time: 3.51876
I0420 11:30:54.760031  5827 cnn_segmentation.cc:325]  Use origin cloud and copy height
I0420 11:30:54.760535  5827 cnn_segmentation.cc:303]  CNNSEG: mapping: 0.440772	 feature: 0.392275	 infer: 14.4333	 fg-seg: 11.1825	 join: 0.000301	 collect: 0.500202
I0420 11:30:54.792340  5883 cnn_segmentation.cc:185]  before roi filter
I0420 11:30:54.792351  5883 cnn_segmentation.cc:193]  Fail to call roi filter, use origin cloud.
I0420 11:30:54.792616  5883 cnn_segmentation.cc:206]  after roi filter
I0420 11:30:54.793990  5883 cnn_segmentation.cc:216]  Roi-filter time: 0.277056	Ground-detector time: 1.37512
I0420 11:30:54.814846  5829 cnn_segmentation.cc:325]  Use origin cloud and copy height
I0420 11:30:54.815356  5829 cnn_segmentation.cc:303]  CNNSEG: mapping: 0.184055	 feature: 0.281079	 infer: 13.0001	 fg-seg: 9.0476	 join: 0.000373	 collect: 0.510973
I0420 11:30:54.918464  5883 cnn_segmentation.cc:185]  before roi filter
I0420 11:30:54.918498  5883 cnn_segmentation.cc:193]  Fail to call roi filter, use origin cloud.
I0420 11:30:54.919106  5883 cnn_segmentation.cc:206]  after roi filter
I0420 11:30:54.921968  5883 cnn_segmentation.cc:216]  Roi-filter time: 0.648627	Ground-detector time: 2.86213
I0420 11:30:54.941380  5833 cnn_segmentation.cc:325]  Use origin cloud and copy height
I0420 11:30:54.941850  5833 cnn_segmentation.cc:303]  CNNSEG: mapping: 0.328996	 feature: 0.363996	 infer: 12.9071	 fg-seg: 9.36974	 join: 0.000268	 collect: 0.468271
I0420 11:30:54.992869  5883 cnn_segmentation.cc:185]  before roi filter
I0420 11:30:54.992879  5883 cnn_segmentation.cc:193]  Fail to call roi filter, use origin cloud.
I0420 11:30:54.993149  5883 cnn_segmentation.cc:206]  after roi filter
I0420 11:30:54.994226  5883 cnn_segmentation.cc:216]  Roi-filter time: 0.282066	Ground-detector time: 1.07711
I0420 11:30:55.014242  5824 cnn_segmentation.cc:325]  Use origin cloud and copy height
I0420 11:30:55.014603  5824 cnn_segmentation.cc:303]  CNNSEG: mapping: 0.114178	 feature: 0.252939	 infer: 12.9462	 fg-seg: 8.1072	 join: 0.000835	 collect: 0.360379
I0420 11:30:55.123759  5883 cnn_segmentation.cc:185]  before roi filter
I0420 11:30:55.123778  5883 cnn_segmentation.cc:193]  Fail to call roi filter, use origin cloud.
I0420 11:30:55.124266  5883 cnn_segmentation.cc:206]  after roi filter
I0420 11:30:55.126014  5883 cnn_segmentation.cc:216]  Roi-filter time: 0.511582	Ground-detector time: 1.74979
I0420 11:30:55.146454  5830 cnn_segmentation.cc:325]  Use origin cloud and copy height
I0420 11:30:55.146785  5830 cnn_segmentation.cc:303]  CNNSEG: mapping: 0.199883	 feature: 0.338308	 infer: 14.0818	 fg-seg: 8.09273	 join: 0.000174	 collect: 0.329305
I0420 11:30:55.222167  5883 cnn_segmentation.cc:185]  before roi filter
I0420 11:30:55.222187  5883 cnn_segmentation.cc:193]  Fail to call roi filter, use origin cloud.
I0420 11:30:55.222543  5883 cnn_segmentation.cc:206]  after roi filter
I0420 11:30:55.224117  5883 cnn_segmentation.cc:216]  Roi-filter time: 0.378576	Ground-detector time: 1.57524
I0420 11:30:55.244231  5822 cnn_segmentation.cc:325]  Use origin cloud and copy height
I0420 11:30:55.244542  5822 cnn_segmentation.cc:303]  CNNSEG: mapping: 0.308867	 feature: 0.286909	 infer: 12.9517	 fg-seg: 8.55489	 join: 0.000223	 collect: 0.3105
I0420 11:30:55.314400  5883 cnn_segmentation.cc:185]  before roi filter
I0420 11:30:55.314424  5883 cnn_segmentation.cc:193]  Fail to call roi filter, use origin cloud.
I0420 11:30:55.314879  5883 cnn_segmentation.cc:206]  after roi filter
I0420 11:30:55.316934  5883 cnn_segmentation.cc:216]  Roi-filter time: 0.48387	Ground-detector time: 2.05554
I0420 11:30:55.341017  5824 cnn_segmentation.cc:325]  Use origin cloud and copy height
I0420 11:30:55.341635  5824 cnn_segmentation.cc:303]  CNNSEG: mapping: 0.232243	 feature: 0.304518	 infer: 15.0212	 fg-seg: 11.1054	 join: 0.000356	 collect: 0.61371
I0420 11:30:55.427423  5883 cnn_segmentation.cc:185]  before roi filter
I0420 11:30:55.427446  5883 cnn_segmentation.cc:193]  Fail to call roi filter, use origin cloud.
I0420 11:30:55.427871  5883 cnn_segmentation.cc:206]  after roi filter
I0420 11:30:55.429596  5883 cnn_segmentation.cc:216]  Roi-filter time: 0.452958	Ground-detector time: 1.72534
I0420 11:30:55.450218  5828 cnn_segmentation.cc:325]  Use origin cloud and copy height
I0420 11:30:55.450768  5828 cnn_segmentation.cc:303]  CNNSEG: mapping: 0.226348	 feature: 0.317493	 infer: 12.9706	 fg-seg: 9.32663	 join: 0.000223	 collect: 0.545156
I0420 11:30:55.491753  5883 cnn_segmentation.cc:185]  before roi filter
I0420 11:30:55.491763  5883 cnn_segmentation.cc:193]  Fail to call roi filter, use origin cloud.
I0420 11:30:55.492054  5883 cnn_segmentation.cc:206]  after roi filter
I0420 11:30:55.493119  5883 cnn_segmentation.cc:216]  Roi-filter time: 0.302424	Ground-detector time: 1.06577
I0420 11:30:55.512836  5833 cnn_segmentation.cc:325]  Use origin cloud and copy height
I0420 11:30:55.513190  5833 cnn_segmentation.cc:303]  CNNSEG: mapping: 0.104547	 feature: 0.213857	 infer: 12.9739	 fg-seg: 7.82437	 join: 0.000203	 collect: 0.352864
I0420 11:30:55.634245  5883 cnn_segmentation.cc:185]  before roi filter
I0420 11:30:55.634253  5883 cnn_segmentation.cc:193]  Fail to call roi filter, use origin cloud.
I0420 11:30:55.634521  5883 cnn_segmentation.cc:206]  after roi filter
I0420 11:30:55.635848  5883 cnn_segmentation.cc:216]  Roi-filter time: 0.275788	Ground-detector time: 1.32632
I0420 11:30:55.656055  5825 cnn_segmentation.cc:325]  Use origin cloud and copy height
I0420 11:30:55.656491  5825 cnn_segmentation.cc:303]  CNNSEG: mapping: 0.174609	 feature: 0.216761	 infer: 12.948	 fg-seg: 8.4762	 join: 0.000187	 collect: 0.43252
I0420 11:30:55.692201  5883 cnn_segmentation.cc:185]  before roi filter
I0420 11:30:55.692211  5883 cnn_segmentation.cc:193]  Fail to call roi filter, use origin cloud.
I0420 11:30:55.692499  5883 cnn_segmentation.cc:206]  after roi filter
I0420 11:30:55.693557  5883 cnn_segmentation.cc:216]  Roi-filter time: 0.301107	Ground-detector time: 1.05762
I0420 11:30:55.713977  5831 cnn_segmentation.cc:325]  Use origin cloud and copy height
I0420 11:30:55.714315  5831 cnn_segmentation.cc:303]  CNNSEG: mapping: 0.099724	 feature: 0.255907	 infer: 13.2103	 fg-seg: 8.253	 join: 0.000204	 collect: 0.336843
I0420 11:30:55.833214  5883 cnn_segmentation.cc:185]  before roi filter
I0420 11:30:55.833235  5883 cnn_segmentation.cc:193]  Fail to call roi filter, use origin cloud.
I0420 11:30:55.833659  5883 cnn_segmentation.cc:206]  after roi filter
I0420 11:30:55.835705  5883 cnn_segmentation.cc:216]  Roi-filter time: 0.450839	Ground-detector time: 2.04549
I0420 11:30:55.855093  5823 cnn_segmentation.cc:325]  Use origin cloud and copy height
I0420 11:30:55.855461  5823 cnn_segmentation.cc:303]  CNNSEG: mapping: 0.233593	 feature: 0.263894	 infer: 12.9051	 fg-seg: 8.52114	 join: 0.000197	 collect: 0.367206
I0420 11:30:55.891870  5883 cnn_segmentation.cc:185]  before roi filter
I0420 11:30:55.891880  5883 cnn_segmentation.cc:193]  Fail to call roi filter, use origin cloud.
I0420 11:30:55.892160  5883 cnn_segmentation.cc:206]  after roi filter
I0420 11:30:55.893213  5883 cnn_segmentation.cc:216]  Roi-filter time: 0.293327	Ground-detector time: 1.05346
I0420 11:30:55.912931  5827 cnn_segmentation.cc:325]  Use origin cloud and copy height
I0420 11:30:55.913267  5827 cnn_segmentation.cc:303]  CNNSEG: mapping: 0.098862	 feature: 0.207306	 infer: 12.9882	 fg-seg: 7.80701	 join: 0.000209	 collect: 0.33492
I0420 11:30:56.022289  5883 cnn_segmentation.cc:185]  before roi filter
I0420 11:30:56.022300  5883 cnn_segmentation.cc:193]  Fail to call roi filter, use origin cloud.
I0420 11:30:56.022547  5883 cnn_segmentation.cc:206]  after roi filter
I0420 11:30:56.023609  5883 cnn_segmentation.cc:216]  Roi-filter time: 0.260145	Ground-detector time: 1.06315
I0420 11:30:56.043390  5828 cnn_segmentation.cc:325]  Use origin cloud and copy height
I0420 11:30:56.043751  5828 cnn_segmentation.cc:303]  CNNSEG: mapping: 0.115274	 feature: 0.245375	 infer: 12.9849	 fg-seg: 7.79362	 join: 0.000116	 collect: 0.360203
I0420 11:30:56.096560  5883 cnn_segmentation.cc:185]  before roi filter
I0420 11:30:56.096580  5883 cnn_segmentation.cc:193]  Fail to call roi filter, use origin cloud.
I0420 11:30:56.096923  5883 cnn_segmentation.cc:206]  after roi filter
I0420 11:30:56.098480  5883 cnn_segmentation.cc:216]  Roi-filter time: 0.367443	Ground-detector time: 1.55674
I0420 11:30:56.119588  5833 cnn_segmentation.cc:325]  Use origin cloud and copy height
I0420 11:30:56.120035  5833 cnn_segmentation.cc:303]  CNNSEG: mapping: 0.166667	 feature: 0.233115	 infer: 12.9327	 fg-seg: 9.71899	 join: 0.000245	 collect: 0.445652
I0420 11:30:56.213282  5883 cnn_segmentation.cc:185]  before roi filter
I0420 11:30:56.213290  5883 cnn_segmentation.cc:193]  Fail to call roi filter, use origin cloud.
I0420 11:30:56.213567  5883 cnn_segmentation.cc:206]  after roi filter
I0420 11:30:56.214608  5883 cnn_segmentation.cc:216]  Roi-filter time: 0.287921	Ground-detector time: 1.04056
I0420 11:30:56.235321  5824 cnn_segmentation.cc:325]  Use origin cloud and copy height
I0420 11:30:56.235693  5824 cnn_segmentation.cc:303]  CNNSEG: mapping: 0.118667	 feature: 0.220305	 infer: 12.9753	 fg-seg: 8.73311	 join: 0.000127	 collect: 0.367639
I0420 11:30:56.304139  5883 cnn_segmentation.cc:185]  before roi filter
I0420 11:30:56.304167  5883 cnn_segmentation.cc:193]  Fail to call roi filter, use origin cloud.
I0420 11:30:56.304677  5883 cnn_segmentation.cc:206]  after roi filter
I0420 11:30:56.307153  5883 cnn_segmentation.cc:216]  Roi-filter time: 0.542503	Ground-detector time: 2.4786
I0420 11:30:56.330770  5830 cnn_segmentation.cc:325]  Use origin cloud and copy height
I0420 11:30:56.331302  5830 cnn_segmentation.cc:303]  CNNSEG: mapping: 0.284297	 feature: 0.318671	 infer: 12.9273	 fg-seg: 13.1488	 join: 0.000234	 collect: 0.531756
I0420 11:30:56.403815  5883 cnn_segmentation.cc:185]  before roi filter
I0420 11:30:56.403825  5883 cnn_segmentation.cc:193]  Fail to call roi filter, use origin cloud.
I0420 11:30:56.404165  5883 cnn_segmentation.cc:206]  after roi filter
I0420 11:30:56.405495  5883 cnn_segmentation.cc:216]  Roi-filter time: 0.353257	Ground-detector time: 1.331
I0420 11:30:56.425448  5822 cnn_segmentation.cc:325]  Use origin cloud and copy height
I0420 11:30:56.425890  5822 cnn_segmentation.cc:303]  CNNSEG: mapping: 0.107095	 feature: 0.256403	 infer: 13.4965	 fg-seg: 7.78372	 join: 0.00011	 collect: 0.439943
I0420 11:30:56.508718  5883 cnn_segmentation.cc:185]  before roi filter
I0420 11:30:56.508739  5883 cnn_segmentation.cc:193]  Fail to call roi filter, use origin cloud.
I0420 11:30:56.509172  5883 cnn_segmentation.cc:206]  after roi filter
I0420 11:30:56.511152  5883 cnn_segmentation.cc:216]  Roi-filter time: 0.45861	Ground-detector time: 1.98064
I0420 11:30:56.531332  5826 cnn_segmentation.cc:325]  Use origin cloud and copy height
I0420 11:30:56.531756  5826 cnn_segmentation.cc:303]  CNNSEG: mapping: 0.24285	 feature: 0.297897	 infer: 12.9774	 fg-seg: 9.13975	 join: 0.000165	 collect: 0.423722
I0420 11:30:56.635057  5883 cnn_segmentation.cc:185]  before roi filter
I0420 11:30:56.635094  5883 cnn_segmentation.cc:193]  Fail to call roi filter, use origin cloud.
I0420 11:30:56.635934  5883 cnn_segmentation.cc:206]  after roi filter
I0420 11:30:56.640720  5883 cnn_segmentation.cc:216]  Roi-filter time: 0.879349	Ground-detector time: 4.7876
I0420 11:30:56.662035  5828 cnn_segmentation.cc:325]  Use origin cloud and copy height
I0420 11:30:56.662688  5828 cnn_segmentation.cc:303]  CNNSEG: mapping: 0.730062	 feature: 0.466166	 infer: 12.9334	 fg-seg: 12.8761	 join: 0.000374	 collect: 0.652136
I0420 11:30:56.692199  5883 cnn_segmentation.cc:185]  before roi filter
I0420 11:30:56.692209  5883 cnn_segmentation.cc:193]  Fail to call roi filter, use origin cloud.
I0420 11:30:56.692476  5883 cnn_segmentation.cc:206]  after roi filter
I0420 11:30:56.693547  5883 cnn_segmentation.cc:216]  Roi-filter time: 0.278602	Ground-detector time: 1.07117
I0420 11:30:56.713760  5833 cnn_segmentation.cc:325]  Use origin cloud and copy height
I0420 11:30:56.714231  5833 cnn_segmentation.cc:303]  CNNSEG: mapping: 0.108106	 feature: 0.253896	 infer: 13.2576	 fg-seg: 7.97751	 join: 0.000216	 collect: 0.467742
I0420 11:30:56.832473  5883 cnn_segmentation.cc:185]  before roi filter
I0420 11:30:56.832504  5883 cnn_segmentation.cc:193]  Fail to call roi filter, use origin cloud.
I0420 11:30:56.833055  5883 cnn_segmentation.cc:206]  after roi filter
I0420 11:30:56.835225  5883 cnn_segmentation.cc:216]  Roi-filter time: 0.586595	Ground-detector time: 2.17211
I0420 11:30:56.854737  5826 cnn_segmentation.cc:325]  Use origin cloud and copy height
I0420 11:30:56.855152  5826 cnn_segmentation.cc:303]  CNNSEG: mapping: 0.299716	 feature: 0.349671	 infer: 12.9905	 fg-seg: 8.67035	 join: 0.000125	 collect: 0.41218
I0420 11:30:56.891922  5883 cnn_segmentation.cc:185]  before roi filter
I0420 11:30:56.891932  5883 cnn_segmentation.cc:193]  Fail to call roi filter, use origin cloud.
I0420 11:30:56.892211  5883 cnn_segmentation.cc:206]  after roi filter
I0420 11:30:56.893292  5883 cnn_segmentation.cc:216]  Roi-filter time: 0.29138	Ground-detector time: 1.08164
I0420 11:30:56.914233  5829 cnn_segmentation.cc:325]  Use origin cloud and copy height
I0420 11:30:56.914600  5829 cnn_segmentation.cc:303]  CNNSEG: mapping: 0.124197	 feature: 0.25744	 infer: 13.3051	 fg-seg: 8.66457	 join: 0.000208	 collect: 0.366065
I0420 11:30:57.036895  5883 cnn_segmentation.cc:185]  before roi filter
I0420 11:30:57.036937  5883 cnn_segmentation.cc:193]  Fail to call roi filter, use origin cloud.
I0420 11:30:57.037668  5883 cnn_segmentation.cc:206]  after roi filter
I0420 11:30:57.040556  5883 cnn_segmentation.cc:216]  Roi-filter time: 0.782441	Ground-detector time: 2.88898
I0420 11:30:57.060900  5833 cnn_segmentation.cc:325]  Use origin cloud and copy height
I0420 11:30:57.061290  5833 cnn_segmentation.cc:303]  CNNSEG: mapping: 0.440123	 feature: 0.384227	 infer: 13.9146	 fg-seg: 9.34374	 join: 0.000216	 collect: 0.387277
I0420 11:30:57.092592  5883 cnn_segmentation.cc:185]  before roi filter
I0420 11:30:57.092603  5883 cnn_segmentation.cc:193]  Fail to call roi filter, use origin cloud.
I0420 11:30:57.092869  5883 cnn_segmentation.cc:206]  after roi filter
I0420 11:30:57.093978  5883 cnn_segmentation.cc:216]  Roi-filter time: 0.279509	Ground-detector time: 1.10906
I0420 11:30:57.114699  5825 cnn_segmentation.cc:325]  Use origin cloud and copy height
I0420 11:30:57.115097  5825 cnn_segmentation.cc:303]  CNNSEG: mapping: 0.122256	 feature: 0.250591	 infer: 12.9374	 fg-seg: 8.83258	 join: 0.000133	 collect: 0.397713
I0420 11:30:57.220888  5883 cnn_segmentation.cc:185]  before roi filter
I0420 11:30:57.220898  5883 cnn_segmentation.cc:193]  Fail to call roi filter, use origin cloud.
I0420 11:30:57.221233  5883 cnn_segmentation.cc:206]  after roi filter
I0420 11:30:57.222290  5883 cnn_segmentation.cc:216]  Roi-filter time: 0.347807	Ground-detector time: 1.05584
I0420 11:30:57.241948  5831 cnn_segmentation.cc:325]  Use origin cloud and copy height
I0420 11:30:57.242308  5831 cnn_segmentation.cc:303]  CNNSEG: mapping: 0.109827	 feature: 0.230444	 infer: 13.0097	 fg-seg: 7.74553	 join: 0.000229	 collect: 0.359085
I0420 11:30:57.296816  5883 cnn_segmentation.cc:185]  before roi filter
I0420 11:30:57.296833  5883 cnn_segmentation.cc:193]  Fail to call roi filter, use origin cloud.
I0420 11:30:57.297156  5883 cnn_segmentation.cc:206]  after roi filter
I0420 11:30:57.298743  5883 cnn_segmentation.cc:216]  Roi-filter time: 0.34304	Ground-detector time: 1.58731
I0420 11:30:57.322749  5832 cnn_segmentation.cc:325]  Use origin cloud and copy height
I0420 11:30:57.323374  5832 cnn_segmentation.cc:303]  CNNSEG: mapping: 0.193555	 feature: 0.229392	 infer: 12.9983	 fg-seg: 12.5518	 join: 0.000305	 collect: 0.622304
I0420 11:30:57.395609  5883 cnn_segmentation.cc:185]  before roi filter
I0420 11:30:57.395620  5883 cnn_segmentation.cc:193]  Fail to call roi filter, use origin cloud.
I0420 11:30:57.395879  5883 cnn_segmentation.cc:206]  after roi filter
I0420 11:30:57.396950  5883 cnn_segmentation.cc:216]  Roi-filter time: 0.271884	Ground-detector time: 1.07054
I0420 11:30:57.416823  5826 cnn_segmentation.cc:325]  Use origin cloud and copy height
I0420 11:30:57.417282  5826 cnn_segmentation.cc:303]  CNNSEG: mapping: 0.118596	 feature: 0.249241	 infer: 13.0123	 fg-seg: 7.87094	 join: 0.000117	 collect: 0.456001
I0420 11:30:57.535549  5883 cnn_segmentation.cc:185]  before roi filter
I0420 11:30:57.535590  5883 cnn_segmentation.cc:193]  Fail to call roi filter, use origin cloud.
I0420 11:30:57.536278  5883 cnn_segmentation.cc:206]  after roi filter
I0420 11:30:57.539881  5883 cnn_segmentation.cc:216]  Roi-filter time: 0.737157	Ground-detector time: 3.60468
I0420 11:30:57.561627  5828 cnn_segmentation.cc:325]  Use origin cloud and copy height
I0420 11:30:57.562229  5828 cnn_segmentation.cc:303]  CNNSEG: mapping: 0.4789	 feature: 0.397804	 infer: 12.945	 fg-seg: 12.3217	 join: 0.000212	 collect: 0.599319
I0420 11:30:57.593874  5883 cnn_segmentation.cc:185]  before roi filter
I0420 11:30:57.593888  5883 cnn_segmentation.cc:193]  Fail to call roi filter, use origin cloud.
I0420 11:30:57.594183  5883 cnn_segmentation.cc:206]  after roi filter
I0420 11:30:57.595309  5883 cnn_segmentation.cc:216]  Roi-filter time: 0.311005	Ground-detector time: 1.12713
I0420 11:30:57.615341  5823 cnn_segmentation.cc:325]  Use origin cloud and copy height
I0420 11:30:57.615726  5823 cnn_segmentation.cc:303]  CNNSEG: mapping: 0.121209	 feature: 0.215164	 infer: 12.9316	 fg-seg: 8.22053	 join: 0.000165	 collect: 0.384893
I0420 11:30:57.717942  5883 cnn_segmentation.cc:185]  before roi filter
I0420 11:30:57.717977  5883 cnn_segmentation.cc:193]  Fail to call roi filter, use origin cloud.
I0420 11:30:57.718520  5883 cnn_segmentation.cc:206]  after roi filter
I0420 11:30:57.721055  5883 cnn_segmentation.cc:216]  Roi-filter time: 0.584112	Ground-detector time: 2.5342
I0420 11:30:57.741096  5827 cnn_segmentation.cc:325]  Use origin cloud and copy height
I0420 11:30:57.741540  5827 cnn_segmentation.cc:303]  CNNSEG: mapping: 0.304524	 feature: 0.337086	 infer: 13.2006	 fg-seg: 9.3323	 join: 0.00017	 collect: 0.443352
I0420 11:30:57.795958  5883 cnn_segmentation.cc:185]  before roi filter
I0420 11:30:57.795969  5883 cnn_segmentation.cc:193]  Fail to call roi filter, use origin cloud.
I0420 11:30:57.796293  5883 cnn_segmentation.cc:206]  after roi filter
I0420 11:30:57.797296  5883 cnn_segmentation.cc:216]  Roi-filter time: 0.338216	Ground-detector time: 1.00199
I0420 11:30:57.817981  5830 cnn_segmentation.cc:325]  Use origin cloud and copy height
I0420 11:30:57.818368  5830 cnn_segmentation.cc:303]  CNNSEG: mapping: 0.119057	 feature: 0.230828	 infer: 13.0009	 fg-seg: 8.69366	 join: 0.000163	 collect: 0.387641
I0420 11:30:57.925995  5883 cnn_segmentation.cc:185]  before roi filter
I0420 11:30:57.926038  5883 cnn_segmentation.cc:193]  Fail to call roi filter, use origin cloud.
I0420 11:30:57.926733  5883 cnn_segmentation.cc:206]  after roi filter
I0420 11:30:57.930323  5883 cnn_segmentation.cc:216]  Roi-filter time: 0.745294	Ground-detector time: 3.59203
I0420 11:30:57.952950  5833 cnn_segmentation.cc:325]  Use origin cloud and copy height
I0420 11:30:57.953523  5833 cnn_segmentation.cc:303]  CNNSEG: mapping: 0.452028	 feature: 0.363127	 infer: 12.9677	 fg-seg: 13.233	 join: 0.000346	 collect: 0.572546
I0420 11:30:58.022225  5883 cnn_segmentation.cc:185]  before roi filter
I0420 11:30:58.022238  5883 cnn_segmentation.cc:193]  Fail to call roi filter, use origin cloud.
I0420 11:30:58.022585  5883 cnn_segmentation.cc:206]  after roi filter
I0420 11:30:58.023788  5883 cnn_segmentation.cc:216]  Roi-filter time: 0.362726	Ground-detector time: 1.20318
I0420 11:30:58.044229  5824 cnn_segmentation.cc:325]  Use origin cloud and copy height
I0420 11:30:58.044740  5824 cnn_segmentation.cc:303]  CNNSEG: mapping: 0.10124	 feature: 0.206767	 infer: 13.6191	 fg-seg: 8.08738	 join: 0.000249	 collect: 0.509325
I0420 11:30:58.094617  5883 cnn_segmentation.cc:185]  before roi filter
I0420 11:30:58.094630  5883 cnn_segmentation.cc:193]  Fail to call roi filter, use origin cloud.
I0420 11:30:58.094923  5883 cnn_segmentation.cc:206]  after roi filter
I0420 11:30:58.096240  5883 cnn_segmentation.cc:216]  Roi-filter time: 0.308537	Ground-detector time: 1.31757
I0420 11:30:58.117383  5828 cnn_segmentation.cc:325]  Use origin cloud and copy height
I0420 11:30:58.117947  5828 cnn_segmentation.cc:303]  CNNSEG: mapping: 0.129317	 feature: 0.364908	 infer: 13.4075	 fg-seg: 8.90616	 join: 0.000266	 collect: 0.557696
I0420 11:30:58.232713  5883 cnn_segmentation.cc:185]  before roi filter
I0420 11:30:58.232774  5883 cnn_segmentation.cc:193]  Fail to call roi filter, use origin cloud.
I0420 11:30:58.233455  5883 cnn_segmentation.cc:206]  after roi filter
I0420 11:30:58.237080  5883 cnn_segmentation.cc:216]  Roi-filter time: 0.750368	Ground-detector time: 3.62633
I0420 11:30:58.260128  5822 cnn_segmentation.cc:325]  Use origin cloud and copy height
I0420 11:30:58.260707  5822 cnn_segmentation.cc:303]  CNNSEG: mapping: 0.477512	 feature: 0.382923	 infer: 13.0114	 fg-seg: 13.6185	 join: 0.000186	 collect: 0.577787
I0420 11:30:58.293344  5883 cnn_segmentation.cc:185]  before roi filter
I0420 11:30:58.293356  5883 cnn_segmentation.cc:193]  Fail to call roi filter, use origin cloud.
I0420 11:30:58.293642  5883 cnn_segmentation.cc:206]  after roi filter
I0420 11:30:58.294812  5883 cnn_segmentation.cc:216]  Roi-filter time: 0.299666	Ground-detector time: 1.17076
I0420 11:30:58.315902  5825 cnn_segmentation.cc:325]  Use origin cloud and copy height
I0420 11:30:58.316390  5825 cnn_segmentation.cc:303]  CNNSEG: mapping: 0.130985	 feature: 0.219794	 infer: 13.0315	 fg-seg: 9.21272	 join: 0.000244	 collect: 0.484417
I0420 11:30:58.427254  5883 cnn_segmentation.cc:185]  before roi filter
I0420 11:30:58.427294  5883 cnn_segmentation.cc:193]  Fail to call roi filter, use origin cloud.
I0420 11:30:58.428019  5883 cnn_segmentation.cc:206]  after roi filter
I0420 11:30:58.431468  5883 cnn_segmentation.cc:216]  Roi-filter time: 0.771941	Ground-detector time: 3.4514
I0420 11:30:58.454792  5829 cnn_segmentation.cc:325]  Use origin cloud and copy height
I0420 11:30:58.455484  5829 cnn_segmentation.cc:303]  CNNSEG: mapping: 0.476098	 feature: 0.381342	 infer: 12.99	 fg-seg: 13.7631	 join: 0.000576	 collect: 0.689688
I0420 11:30:58.532892  5883 cnn_segmentation.cc:185]  before roi filter
I0420 11:30:58.532933  5883 cnn_segmentation.cc:193]  Fail to call roi filter, use origin cloud.
I0420 11:30:58.533620  5883 cnn_segmentation.cc:206]  after roi filter
I0420 11:30:58.537235  5883 cnn_segmentation.cc:216]  Roi-filter time: 0.735617	Ground-detector time: 3.61573
I0420 11:30:58.557350  5833 cnn_segmentation.cc:325]  Use origin cloud and copy height
I0420 11:30:58.557930  5833 cnn_segmentation.cc:303]  CNNSEG: mapping: 0.428847	 feature: 0.362612	 infer: 12.9817	 fg-seg: 10.7578	 join: 0.00027	 collect: 0.576587
I0420 11:30:58.591691  5883 cnn_segmentation.cc:185]  before roi filter
I0420 11:30:58.591701  5883 cnn_segmentation.cc:193]  Fail to call roi filter, use origin cloud.
I0420 11:30:58.591974  5883 cnn_segmentation.cc:206]  after roi filter
I0420 11:30:58.593025  5883 cnn_segmentation.cc:216]  Roi-filter time: 0.284732	Ground-detector time: 1.05185
I0420 11:30:58.613366  5824 cnn_segmentation.cc:325]  Use origin cloud and copy height
I0420 11:30:58.613927  5824 cnn_segmentation.cc:303]  CNNSEG: mapping: 0.104664	 feature: 0.208187	 infer: 13.0287	 fg-seg: 8.37548	 join: 0.000341	 collect: 0.559628
I0420 11:30:58.731676  5883 cnn_segmentation.cc:185]  before roi filter
I0420 11:30:58.731716  5883 cnn_segmentation.cc:193]  Fail to call roi filter, use origin cloud.
I0420 11:30:58.732417  5883 cnn_segmentation.cc:206]  after roi filter
I0420 11:30:58.735524  5883 cnn_segmentation.cc:216]  Roi-filter time: 0.749237	Ground-detector time: 3.10828
I0420 11:30:58.756861  5830 cnn_segmentation.cc:325]  Use origin cloud and copy height
I0420 11:30:58.757390  5830 cnn_segmentation.cc:303]  CNNSEG: mapping: 0.464608	 feature: 0.383423	 infer: 13.8295	 fg-seg: 10.5779	 join: 0.00029	 collect: 0.525841
I0420 11:30:58.792080  5883 cnn_segmentation.cc:185]  before roi filter
I0420 11:30:58.792090  5883 cnn_segmentation.cc:193]  Fail to call roi filter, use origin cloud.
I0420 11:30:58.792346  5883 cnn_segmentation.cc:206]  after roi filter
I0420 11:30:58.793373  5883 cnn_segmentation.cc:216]  Roi-filter time: 0.268178	Ground-detector time: 1.02704
I0420 11:30:58.814043  5822 cnn_segmentation.cc:325]  Use origin cloud and copy height
I0420 11:30:58.814440  5822 cnn_segmentation.cc:303]  CNNSEG: mapping: 0.154808	 feature: 0.218254	 infer: 13.8012	 fg-seg: 7.82323	 join: 0.000259	 collect: 0.395886
I0420 11:30:58.931399  5883 cnn_segmentation.cc:185]  before roi filter
I0420 11:30:58.931440  5883 cnn_segmentation.cc:193]  Fail to call roi filter, use origin cloud.
I0420 11:30:58.932101  5883 cnn_segmentation.cc:206]  after roi filter
I0420 11:30:58.935571  5883 cnn_segmentation.cc:216]  Roi-filter time: 0.710377	Ground-detector time: 3.47075
I0420 11:30:58.959445  5825 cnn_segmentation.cc:325]  Use origin cloud and copy height
I0420 11:30:58.960045  5825 cnn_segmentation.cc:303]  CNNSEG: mapping: 0.450633	 feature: 0.385389	 infer: 12.9381	 fg-seg: 14.3365	 join: 0.000275	 collect: 0.597037
I0420 11:30:58.992831  5883 cnn_segmentation.cc:185]  before roi filter
I0420 11:30:58.992841  5883 cnn_segmentation.cc:193]  Fail to call roi filter, use origin cloud.
I0420 11:30:58.993093  5883 cnn_segmentation.cc:206]  after roi filter
I0420 11:30:58.994079  5883 cnn_segmentation.cc:216]  Roi-filter time: 0.263273	Ground-detector time: 0.987699
I0420 11:30:59.014760  5831 cnn_segmentation.cc:325]  Use origin cloud and copy height
I0420 11:30:59.015172  5831 cnn_segmentation.cc:303]  CNNSEG: mapping: 0.105858	 feature: 0.205628	 infer: 12.959	 fg-seg: 8.69623	 join: 0.000166	 collect: 0.41136
I0420 11:30:59.130720  5883 cnn_segmentation.cc:185]  before roi filter
I0420 11:30:59.130751  5883 cnn_segmentation.cc:193]  Fail to call roi filter, use origin cloud.
I0420 11:30:59.131430  5883 cnn_segmentation.cc:206]  after roi filter
I0420 11:30:59.134897  5883 cnn_segmentation.cc:216]  Roi-filter time: 0.717396	Ground-detector time: 3.46848
I0420 11:30:59.156827  5823 cnn_segmentation.cc:325]  Use origin cloud and copy height
I0420 11:30:59.157333  5823 cnn_segmentation.cc:303]  CNNSEG: mapping: 0.448822	 feature: 0.394219	 infer: 12.9538	 fg-seg: 12.3688	 join: 0.000255	 collect: 0.504721
I0420 11:30:59.191054  5883 cnn_segmentation.cc:185]  before roi filter
I0420 11:30:59.191066  5883 cnn_segmentation.cc:193]  Fail to call roi filter, use origin cloud.
I0420 11:30:59.191323  5883 cnn_segmentation.cc:206]  after roi filter
I0420 11:30:59.192384  5883 cnn_segmentation.cc:216]  Roi-filter time: 0.270059	Ground-detector time: 1.06145
I0420 11:30:59.213541  5827 cnn_segmentation.cc:325]  Use origin cloud and copy height
I0420 11:30:59.213956  5827 cnn_segmentation.cc:303]  CNNSEG: mapping: 0.115394	 feature: 0.205261	 infer: 12.992	 fg-seg: 9.21341	 join: 0.000159	 collect: 0.415772
I0420 11:30:59.327738  5883 cnn_segmentation.cc:185]  before roi filter
I0420 11:30:59.327766  5883 cnn_segmentation.cc:193]  Fail to call roi filter, use origin cloud.
I0420 11:30:59.328352  5883 cnn_segmentation.cc:206]  after roi filter
I0420 11:30:59.331104  5883 cnn_segmentation.cc:216]  Roi-filter time: 0.617777	Ground-detector time: 2.7558
I0420 11:30:59.350072  5828 cnn_segmentation.cc:325]  Use origin cloud and copy height
I0420 11:30:59.350451  5828 cnn_segmentation.cc:303]  CNNSEG: mapping: 0.284581	 feature: 0.330005	 infer: 12.9641	 fg-seg: 8.80838	 join: 0.00019	 collect: 0.377941
I0420 11:30:59.391011  5883 cnn_segmentation.cc:185]  before roi filter
I0420 11:30:59.391021  5883 cnn_segmentation.cc:193]  Fail to call roi filter, use origin cloud.
I0420 11:30:59.391261  5883 cnn_segmentation.cc:206]  after roi filter
I0420 11:30:59.392262  5883 cnn_segmentation.cc:216]  Roi-filter time: 0.251738	Ground-detector time: 1.00212
I0420 11:30:59.413553  5832 cnn_segmentation.cc:325]  Use origin cloud and copy height
I0420 11:30:59.413970  5832 cnn_segmentation.cc:303]  CNNSEG: mapping: 0.110453	 feature: 0.199955	 infer: 13.0132	 fg-seg: 9.25591	 join: 0.000378	 collect: 0.416288
I0420 11:30:59.504858  5883 cnn_segmentation.cc:185]  before roi filter
I0420 11:30:59.504885  5883 cnn_segmentation.cc:193]  Fail to call roi filter, use origin cloud.
I0420 11:30:59.505355  5883 cnn_segmentation.cc:206]  after roi filter
I0420 11:30:59.507556  5883 cnn_segmentation.cc:216]  Roi-filter time: 0.503378	Ground-detector time: 2.2013
I0420 11:30:59.531682  5824 cnn_segmentation.cc:325]  Use origin cloud and copy height
I0420 11:30:59.532173  5824 cnn_segmentation.cc:303]  CNNSEG: mapping: 0.264423	 feature: 0.3173	 infer: 12.9503	 fg-seg: 13.313	 join: 0.000554	 collect: 0.490415
I0420 11:30:59.604627  5883 cnn_segmentation.cc:185]  before roi filter
I0420 11:30:59.604636  5883 cnn_segmentation.cc:193]  Fail to call roi filter, use origin cloud.
I0420 11:30:59.604943  5883 cnn_segmentation.cc:206]  after roi filter
I0420 11:30:59.605918  5883 cnn_segmentation.cc:216]  Roi-filter time: 0.316886	Ground-detector time: 0.976946
I0420 11:30:59.625641  5829 cnn_segmentation.cc:325]  Use origin cloud and copy height
I0420 11:30:59.625963  5829 cnn_segmentation.cc:303]  CNNSEG: mapping: 0.096724	 feature: 0.2643	 infer: 13.0038	 fg-seg: 7.67084	 join: 0.000141	 collect: 0.322077
I0420 11:30:59.712783  5883 cnn_segmentation.cc:185]  before roi filter
I0420 11:30:59.712831  5883 cnn_segmentation.cc:193]  Fail to call roi filter, use origin cloud.
I0420 11:30:59.713510  5883 cnn_segmentation.cc:206]  after roi filter
I0420 11:30:59.716842  5883 cnn_segmentation.cc:216]  Roi-filter time: 0.733956	Ground-detector time: 3.3338
I0420 11:30:59.739161  5822 cnn_segmentation.cc:325]  Use origin cloud and copy height
I0420 11:30:59.739784  5822 cnn_segmentation.cc:303]  CNNSEG: mapping: 0.425323	 feature: 0.363388	 infer: 12.9358	 fg-seg: 12.6996	 join: 0.000169	 collect: 0.620417
I0420 11:30:59.796337  5883 cnn_segmentation.cc:185]  before roi filter
I0420 11:30:59.796349  5883 cnn_segmentation.cc:193]  Fail to call roi filter, use origin cloud.
I0420 11:30:59.796610  5883 cnn_segmentation.cc:206]  after roi filter
I0420 11:30:59.797601  5883 cnn_segmentation.cc:216]  Roi-filter time: 0.275164	Ground-detector time: 0.99176
I0420 11:30:59.818159  5826 cnn_segmentation.cc:325]  Use origin cloud and copy height
I0420 11:30:59.818516  5826 cnn_segmentation.cc:303]  CNNSEG: mapping: 0.11411	 feature: 0.252631	 infer: 12.9773	 fg-seg: 8.49942	 join: 0.00011	 collect: 0.354903
I0420 11:30:59.920867  5883 cnn_segmentation.cc:185]  before roi filter
I0420 11:30:59.920902  5883 cnn_segmentation.cc:193]  Fail to call roi filter, use origin cloud.
I0420 11:30:59.921538  5883 cnn_segmentation.cc:206]  after roi filter
